2026-09-07 16:32:51,205 INFO loading RSNA sample index (max_samples=20000)...
2026-09-07 16:33:02,298 INFO using cached patient index at data/rsna/rsna-intracranial-hemorrhage-detection/patient_index_cache.parquet
2026-09-07 16:33:02,830 INFO patient-grouped 5-fold split verified leakage-free (11890 total patients)
reproducing subsample: 400 RSNA, 2000 CQ500 (seed=0) -- must match original run's n_hits=302 for this to be a valid reproduction
  ...RSNA: hashed 50/400
  ...RSNA: hashed 100/400
  ...RSNA: hashed 150/400
  ...RSNA: hashed 200/400
  ...RSNA: hashed 250/400
  ...RSNA: hashed 300/400
  ...RSNA: hashed 350/400
  ...RSNA: hashed 400/400
  ...CQ500: hashed 250/2000
  ...CQ500: hashed 500/2000
  ...CQ500: hashed 750/2000
  ...CQ500: hashed 1000/2000
  ...CQ500: hashed 1250/2000
  ...CQ500: hashed 1500/2000
  ...CQ500: hashed 1750/2000
  ...CQ500: hashed 2000/2000

reproduced n_hits = 302 (original run reported 302)
  hamming=0: 6 pair(s)
  hamming=2: 75 pair(s)
  hamming=4: 221 pair(s)
Traceback (most recent call last):
  File "/home/fcse.santoshkumar/ich_windowing/gap1_reproduce_full_hits.py", line 118, in <module>
    main()
  File "/home/fcse.santoshkumar/ich_windowing/gap1_reproduce_full_hits.py", line 99, in main
    "rsna_paths": {sid: str(rsna_by_id[sid].hu_loader.__closure__[0].cell_contents)
                  ^^^^^^^^^^^^^^^^^^^^^^^^^^^^^^^^^^^^^^^^^^^^^^^^^^^^^^^^^^^^^^^^^
  File "/home/fcse.santoshkumar/ich_windowing/gap1_reproduce_full_hits.py", line 99, in <dictcomp>
    "rsna_paths": {sid: str(rsna_by_id[sid].hu_loader.__closure__[0].cell_contents)
                            ~~~~~~~~~~~~~~~~~~~~~~~~~~~~~~~~~~~~~^^^
TypeError: 'NoneType' object is not subscriptable
