2026-09-14 20:24:22,380 INFO loaded 191 RSNA patient id(s) to exclude (BHSD overlap, see /home/fcse.santoshkumar/ich_windowing/data/bhsd_rsna_overlap_patient_ids.json)
2026-09-14 20:24:22,380 INFO loading RSNA sample index (max_samples=20000)...
2026-09-14 20:24:30,435 WARNING stage_2_train.csv contained 24 fully-duplicated (ID, Label) row(s) (4 unique sop_uid(s) affected); dropped as exact duplicates before pivoting -- see load_labels_wide comment for provenance. This is a pre-existing RSNA release data quirk, not introduced by this pipeline.
2026-09-14 20:24:32,282 INFO using cached patient index at data/rsna/rsna-intracranial-hemorrhage-detection/patient_index_cache.parquet
2026-09-14 20:24:34,763 INFO excluded 10088 slice(s) belonging to 191 RSNA patient(s) confirmed to overlap with BHSD (of 191 requested exclusion ids); 742715 slices remain
2026-09-14 20:24:35,232 INFO patient-grouped 5-fold split verified leakage-free (11854 total patients)
fold-1 replication: loading checkpoint from runs/baselines_bhsd_excluded/baseline2_fixed_three_fold1 (config fold=1)
loading RSNA internal held-out fold 1 ...
/home/fcse.santoshkumar/ich_windowing/ich_gen/datasets/common.py:171: UserWarning: The given NumPy array is not writable, and PyTorch does not support non-writable tensors. This means writing to this tensor will result in undefined behavior. You may want to copy the array to protect its data or make it writable before converting it to a tensor. This type of warning will be suppressed for the rest of this program. (Triggered internally at /__w/pytorch/pytorch/torch/csrc/utils/tensor_numpy.cpp:213.)
  labels = torch.from_numpy(s.labels)
/home/fcse.santoshkumar/ich_windowing/ich_gen/datasets/common.py:171: UserWarning: The given NumPy array is not writable, and PyTorch does not support non-writable tensors. This means writing to this tensor will result in undefined behavior. You may want to copy the array to protect its data or make it writable before converting it to a tensor. This type of warning will be suppressed for the rest of this program. (Triggered internally at /__w/pytorch/pytorch/torch/csrc/utils/tensor_numpy.cpp:213.)
  labels = torch.from_numpy(s.labels)
/home/fcse.santoshkumar/ich_windowing/ich_gen/datasets/common.py:171: UserWarning: The given NumPy array is not writable, and PyTorch does not support non-writable tensors. This means writing to this tensor will result in undefined behavior. You may want to copy the array to protect its data or make it writable before converting it to a tensor. This type of warning will be suppressed for the rest of this program. (Triggered internally at /__w/pytorch/pytorch/torch/csrc/utils/tensor_numpy.cpp:213.)
  labels = torch.from_numpy(s.labels)
/home/fcse.santoshkumar/ich_windowing/ich_gen/datasets/common.py:171: UserWarning: The given NumPy array is not writable, and PyTorch does not support non-writable tensors. This means writing to this tensor will result in undefined behavior. You may want to copy the array to protect its data or make it writable before converting it to a tensor. This type of warning will be suppressed for the rest of this program. (Triggered internally at /__w/pytorch/pytorch/torch/csrc/utils/tensor_numpy.cpp:213.)
  labels = torch.from_numpy(s.labels)
internal (RSNA fold 1): 4000 slices, 2371 patients
building CQ500 external test set ...
external (CQ500): 22309 slices, 473 studies

=== baseline 2 FOLD 1 (fixed_three_window): internal RSNA vs external CQ500 ===
internal AUROC=0.9230  external AUROC=0.6513  relative degradation=+0.2944
internal accuracy=0.9315  external accuracy=0.7032  relative degradation=+0.2451
pooled degradation (mean of AUROC/accuracy relative degradation) = +0.2697

per-subtype sensitivity relative degradation:
  epidural           internal_sens=0.1000  external_sens=0.0210  rel_degradation=+0.7900
  intraparenchymal   internal_sens=0.6829  external_sens=0.1425  rel_degradation=+0.7913
  intraventricular   internal_sens=0.7466  external_sens=0.2140  rel_degradation=+0.7134
  subarachnoid       internal_sens=0.4236  external_sens=0.2508  rel_degradation=+0.4080
  subdural           internal_sens=0.5287  external_sens=0.2172  rel_degradation=+0.5893

stratified degradation (mean over 5 subtypes) = +0.6584
EDH-specific relative degradation = +0.7900 (H1/H2 priority subtype)

observed H1 test statistic (stratified - pooled degradation) = +0.3887

running 1000-resample independent two-sample bootstrap ...

=== H1 FOLD-1 REPLICATION RESULT (baseline 2, RSNA-internal -> CQ500-external) ===
pooled degradation:      +0.2697 95% CI (0.24450552980701637, 0.2961917497791332)
stratified degradation:  +0.6584 95% CI (0.5704796985697473, 0.7231755060418551)
EDH-specific degradation:+0.7900 95% CI (0.41625535607745295, 1.0)
difference (stratified - pooled): +0.3887
two-sided bootstrap p-value: 0.0000 (0/1000 degenerate replicates dropped)

saved runs/baselines_bhsd_excluded/h1_baseline2_degradation_fold1_result.json
