2026-09-14 19:39:06,973 INFO loaded 191 RSNA patient id(s) to exclude (BHSD overlap, see /home/fcse.santoshkumar/ich_windowing/data/bhsd_rsna_overlap_patient_ids.json)
2026-09-14 19:39:06,973 INFO loading RSNA sample index (max_samples=20000)...
2026-09-14 19:39:15,639 WARNING stage_2_train.csv contained 24 fully-duplicated (ID, Label) row(s) (4 unique sop_uid(s) affected); dropped as exact duplicates before pivoting -- see load_labels_wide comment for provenance. This is a pre-existing RSNA release data quirk, not introduced by this pipeline.
2026-09-14 19:39:17,600 INFO using cached patient index at data/rsna/rsna-intracranial-hemorrhage-detection/patient_index_cache.parquet
2026-09-14 19:39:20,123 INFO excluded 10088 slice(s) belonging to 191 RSNA patient(s) confirmed to overlap with BHSD (of 191 requested exclusion ids); 742715 slices remain
2026-09-14 19:39:20,608 INFO patient-grouped 5-fold split verified leakage-free (11854 total patients)
loading RSNA internal held-out fold ...
/home/fcse.santoshkumar/ich_windowing/ich_gen/datasets/common.py:171: UserWarning: The given NumPy array is not writable, and PyTorch does not support non-writable tensors. This means writing to this tensor will result in undefined behavior. You may want to copy the array to protect its data or make it writable before converting it to a tensor. This type of warning will be suppressed for the rest of this program. (Triggered internally at /__w/pytorch/pytorch/torch/csrc/utils/tensor_numpy.cpp:213.)
  labels = torch.from_numpy(s.labels)
/home/fcse.santoshkumar/ich_windowing/ich_gen/datasets/common.py:171: UserWarning: The given NumPy array is not writable, and PyTorch does not support non-writable tensors. This means writing to this tensor will result in undefined behavior. You may want to copy the array to protect its data or make it writable before converting it to a tensor. This type of warning will be suppressed for the rest of this program. (Triggered internally at /__w/pytorch/pytorch/torch/csrc/utils/tensor_numpy.cpp:213.)
  labels = torch.from_numpy(s.labels)
/home/fcse.santoshkumar/ich_windowing/ich_gen/datasets/common.py:171: UserWarning: The given NumPy array is not writable, and PyTorch does not support non-writable tensors. This means writing to this tensor will result in undefined behavior. You may want to copy the array to protect its data or make it writable before converting it to a tensor. This type of warning will be suppressed for the rest of this program. (Triggered internally at /__w/pytorch/pytorch/torch/csrc/utils/tensor_numpy.cpp:213.)
  labels = torch.from_numpy(s.labels)
/home/fcse.santoshkumar/ich_windowing/ich_gen/datasets/common.py:171: UserWarning: The given NumPy array is not writable, and PyTorch does not support non-writable tensors. This means writing to this tensor will result in undefined behavior. You may want to copy the array to protect its data or make it writable before converting it to a tensor. This type of warning will be suppressed for the rest of this program. (Triggered internally at /__w/pytorch/pytorch/torch/csrc/utils/tensor_numpy.cpp:213.)
  labels = torch.from_numpy(s.labels)
internal (RSNA fold 0): 4000 slices, 2370 patients
building CQ500 external test set ...
external (CQ500): 22309 slices, 473 studies

=== SAME-METRIC H1 CHECK (baseline 2, sensitivity only, both arms) ===
internal pooled 'any' sensitivity = 0.7063  external = 0.2600  pooled sensitivity relative degradation = +0.6319
subtype-averaged sensitivity relative degradation (same as audited 0.5778 figure) = +0.5779
difference (stratified - pooled, SAME metric) = -0.0541

running 1000-resample independent two-sample bootstrap ...

=== SAME-METRIC H1 RESULT ===
pooled sensitivity degradation:     +0.6319 95% CI (0.5767862218582516, 0.6843489191250691)
stratified sensitivity degradation: +0.5779 95% CI (0.44776845441799706, 0.6813802553273878)
difference (stratified - pooled):   -0.0541
two-sided bootstrap p-value: 0.3720 (0/1000 degenerate dropped)

saved runs/baselines_bhsd_excluded/h1_same_metric_sensitivity_only_result.json
