[note] 6/491 studies where aggregated 'any' != union(subtypes). Left AS-IS (not reconciled); 'any' is the readers' own ICH call.
aggregated labels for 491 studies (rule=majority); positive 'any' rate = 0.418
scanning 165269 candidate DICOM files under data/cq500 ...
  ...20000/165269 headers read
  ...40000/165269 headers read
  ...60000/165269 headers read
  ...80000/165269 headers read
  ...100000/165269 headers read
  ...120000/165269 headers read
  ...140000/165269 headers read
  ...160000/165269 headers read
[cache] wrote 165269 slice headers to data/cq500/cq500_header_cache.parquet
selected 1 series for 473 studies (0 had no usable non-bone/non-contrast series); 22474 slices total
[note] 18 labeled study/studies had no usable imaging and were DROPPED: ['CQ500-CT-120', 'CQ500-CT-123', 'CQ500-CT-160', 'CQ500-CT-173', 'CQ500-CT-189']

{
  "n_slices": 22474,
  "n_studies": 473,
  "reader_rule": "majority",
  "target_thickness": 5.0,
  "slice_positive_rate": {
    "any": 0.383687824010849,
    "epidural": 0.01695292256772518,
    "intraparenchymal": 0.27071282267570496,
    "intraventricular": 0.052816588431596756,
    "subarachnoid": 0.11875945329666138,
    "subdural": 0.09486518055200577
  },
  "study_positive_rate": {
    "any": 0.41649049520492554,
    "epidural": 0.025369979441165924,
    "intraparenchymal": 0.27272728085517883,
    "intraventricular": 0.05496828630566597,
    "subarachnoid": 0.12050739675760269,
    "subdural": 0.10359407961368561
  }
}

wrote data/cq500/cq500_labels_aggregated.csv
wrote data/cq500/cq500_series_manifest.csv (audit trail)
