building CQ500 external test set ...
CQ500: 22309 slices, 473 studies

=== CQ500 external -- SLICE level (noisy: study labels propagated): baseline3a vs baseline2 ===
n = 22309, positive rate = 0.384
  baseline3a   AUROC=0.6195  sens@0.5=0.2309  spec@0.5=0.9711
  baseline2    AUROC=0.6538  sens@0.5=0.2600  spec@0.5=0.9754
  diff (baseline3a-baseline2) AUROC=-0.0343   DeLong z=-8.675  p=0.0000
  sensitivity delta (baseline3a-baseline2) = -0.0291

=== CQ500 external -- STUDY level (agg=max): baseline3a vs baseline2 ===
n = 473, positive rate = 0.416
  baseline3a   AUROC=0.8633  sens@0.5=0.8629  spec@0.5=0.6486
  baseline2    AUROC=0.9054  sens@0.5=0.9086  spec@0.5=0.6920
  diff (baseline3a-baseline2) AUROC=-0.0421   DeLong z=-3.298  p=0.0010
  sensitivity delta (baseline3a-baseline2) = -0.0457

=== CQ500 external -- STUDY level (agg=mean): baseline3a vs baseline2 ===
n = 473, positive rate = 0.416
  baseline3a   AUROC=0.8708  sens@0.5=0.0914  spec@0.5=0.9964
  baseline2    AUROC=0.9063  sens@0.5=0.1624  spec@0.5=1.0000
  diff (baseline3a-baseline2) AUROC=-0.0356   DeLong z=-3.118  p=0.0018
  sensitivity delta (baseline3a-baseline2) = -0.0711

=== CQ500 external -- SLICE level (noisy: study labels propagated): baseline3b vs baseline2 ===
n = 22309, positive rate = 0.384
  baseline3b   AUROC=0.6445  sens@0.5=0.2330  spec@0.5=0.9840
  baseline2    AUROC=0.6538  sens@0.5=0.2600  spec@0.5=0.9754
  diff (baseline3b-baseline2) AUROC=-0.0092   DeLong z=-2.577  p=0.0100
  sensitivity delta (baseline3b-baseline2) = -0.0270

=== CQ500 external -- STUDY level (agg=max): baseline3b vs baseline2 ===
n = 473, positive rate = 0.416
  baseline3b   AUROC=0.9183  sens@0.5=0.8731  spec@0.5=0.7862
  baseline2    AUROC=0.9054  sens@0.5=0.9086  spec@0.5=0.6920
  diff (baseline3b-baseline2) AUROC=+0.0128   DeLong z=+1.218  p=0.2232
  sensitivity delta (baseline3b-baseline2) = -0.0355

=== CQ500 external -- STUDY level (agg=mean): baseline3b vs baseline2 ===
n = 473, positive rate = 0.416
  baseline3b   AUROC=0.9199  sens@0.5=0.0812  spec@0.5=1.0000
  baseline2    AUROC=0.9063  sens@0.5=0.1624  spec@0.5=1.0000
  diff (baseline3b-baseline2) AUROC=+0.0136   DeLong z=+1.367  p=0.1718
  sensitivity delta (baseline3b-baseline2) = -0.0812

=== CQ500 external -- SLICE level (noisy: study labels propagated): baseline3a vs baseline3b ===
n = 22309, positive rate = 0.384
  baseline3a   AUROC=0.6195  sens@0.5=0.2309  spec@0.5=0.9711
  baseline3b   AUROC=0.6445  sens@0.5=0.2330  spec@0.5=0.9840
  diff (baseline3a-baseline3b) AUROC=-0.0251   DeLong z=-6.448  p=0.0000
  sensitivity delta (baseline3a-baseline3b) = -0.0021

=== CQ500 external -- STUDY level (agg=max): baseline3a vs baseline3b ===
n = 473, positive rate = 0.416
  baseline3a   AUROC=0.8633  sens@0.5=0.8629  spec@0.5=0.6486
  baseline3b   AUROC=0.9183  sens@0.5=0.8731  spec@0.5=0.7862
  diff (baseline3a-baseline3b) AUROC=-0.0550   DeLong z=-4.274  p=0.0000
  sensitivity delta (baseline3a-baseline3b) = -0.0102

=== CQ500 external -- STUDY level (agg=mean): baseline3a vs baseline3b ===
n = 473, positive rate = 0.416
  baseline3a   AUROC=0.8708  sens@0.5=0.0914  spec@0.5=0.9964
  baseline3b   AUROC=0.9199  sens@0.5=0.0812  spec@0.5=1.0000
  diff (baseline3a-baseline3b) AUROC=-0.0492   DeLong z=-4.236  p=0.0000
  sensitivity delta (baseline3a-baseline3b) = +0.0102

=== CQ500 external -- SUBTYPE/SIZE-STRATIFIED (evaluate_pooled_and_stratified, slice level, noisy: study labels propagated) ===
  baseline2: pooled AUROC=0.6538  pooled sens@0.5=0.2600 (0.22372529291137747, 0.29967552144939213)
  baseline3a: pooled AUROC=0.6195  pooled sens@0.5=0.2309 (0.19810276555422163, 0.26701130647387367)
  baseline3b: pooled AUROC=0.6445  pooled sens@0.5=0.2330 (0.20074241247442143, 0.2693019184918591)

--- subtype table: baseline3a vs baseline2 ---

subtype            AUROC(baseline3a)  AUROC(baseline2)sens(baseline3a)sens(baseline2)   delta(pp)  flag
epidural                      0.5834            0.6043        0.0000        0.0210       -2.10  
intraparenchymal              0.5718            0.5933        0.1107        0.1430       -3.23  
intraventricular              0.7245            0.7515        0.1769        0.2098       -3.29  
subarachnoid                  0.7257            0.7281        0.1942        0.2540       -5.97  *** >=5pp delta ***
subdural                      0.6435            0.6523        0.1642        0.2275       -6.33  *** >=5pp delta ***

--- EDH (primary H1/H2 subtype of interest), baseline3a vs baseline2 ---
  sensitivity_baseline3a=0.0000  sensitivity_baseline2=0.0210  delta=-2.10pp (threshold: 5.0pp)

--- subtype table: baseline3b vs baseline2 ---

subtype            AUROC(baseline3b)  AUROC(baseline2)sens(baseline3b)sens(baseline2)   delta(pp)  flag
epidural                      0.6238            0.6043        0.0131        0.0210       -0.79  
intraparenchymal              0.5887            0.5933        0.1294        0.1430       -1.36  
intraventricular              0.7360            0.7515        0.2308        0.2098        2.11  
subarachnoid                  0.7212            0.7281        0.2397        0.2540       -1.42  
subdural                      0.6271            0.6523        0.1717        0.2275       -5.58  *** >=5pp delta ***

--- EDH (primary H1/H2 subtype of interest), baseline3b vs baseline2 ---
  sensitivity_baseline3b=0.0131  sensitivity_baseline2=0.0210  delta=-0.79pp (threshold: 5.0pp)

--- subtype table: baseline3a vs baseline3b ---

subtype            AUROC(baseline3a) AUROC(baseline3b)sens(baseline3a)sens(baseline3b)   delta(pp)  flag
epidural                      0.5834            0.6238        0.0000        0.0131       -1.31  
intraparenchymal              0.5718            0.5887        0.1107        0.1294       -1.87  
intraventricular              0.7245            0.7360        0.1769        0.2308       -5.39  *** >=5pp delta ***
subarachnoid                  0.7257            0.7212        0.1942        0.2397       -4.55  
subdural                      0.6435            0.6271        0.1642        0.1717       -0.75  

--- EDH (primary H1/H2 subtype of interest), baseline3a vs baseline3b ---
  sensitivity_baseline3a=0.0000  sensitivity_baseline3b=0.0131  delta=-1.31pp (threshold: 5.0pp)

size-tercile stratification: no lesion_size_mm3 available for this site (expected for RSNA/CQ500/PhysioNet-ICH per Section IV-E; BHSD-derived data is the primary size-stratification source)

=== SUPPLEMENTARY: WICL (runs/decisive_v2/decisive_wicl, read-only) vs baseline 3a/3b on CQ500 -- partial contribution toward Section VI-C's H2 comparison set, NOT the full Bonferroni-corrected test ===

=== CQ500 external -- SLICE level (noisy): wicl vs baseline3a ===
n = 22309, positive rate = 0.384
  wicl         AUROC=0.6473  sens@0.5=0.2553  spec@0.5=0.9691
  baseline3a   AUROC=0.6195  sens@0.5=0.2309  spec@0.5=0.9711
  diff (wicl-baseline3a) AUROC=+0.0278   DeLong z=+7.765  p=0.0000
  sensitivity delta (wicl-baseline3a) = +0.0244

=== CQ500 external -- STUDY level (agg=max): wicl vs baseline3a ===
n = 473, positive rate = 0.416
  wicl         AUROC=0.9022  sens@0.5=0.8680  spec@0.5=0.6993
  baseline3a   AUROC=0.8633  sens@0.5=0.8629  spec@0.5=0.6486
  diff (wicl-baseline3a) AUROC=+0.0389   DeLong z=+3.076  p=0.0021
  sensitivity delta (wicl-baseline3a) = +0.0051

=== CQ500 external -- STUDY level (agg=mean): wicl vs baseline3a ===
n = 473, positive rate = 0.416
  wicl         AUROC=0.9044  sens@0.5=0.1218  spec@0.5=0.9964
  baseline3a   AUROC=0.8708  sens@0.5=0.0914  spec@0.5=0.9964
  diff (wicl-baseline3a) AUROC=+0.0336   DeLong z=+3.023  p=0.0025
  sensitivity delta (wicl-baseline3a) = +0.0305

=== CQ500 external -- SLICE level (noisy): wicl vs baseline3b ===
n = 22309, positive rate = 0.384
  wicl         AUROC=0.6473  sens@0.5=0.2553  spec@0.5=0.9691
  baseline3b   AUROC=0.6445  sens@0.5=0.2330  spec@0.5=0.9840
  diff (wicl-baseline3b) AUROC=+0.0027   DeLong z=+0.815  p=0.4149
  sensitivity delta (wicl-baseline3b) = +0.0223

=== CQ500 external -- STUDY level (agg=max): wicl vs baseline3b ===
n = 473, positive rate = 0.416
  wicl         AUROC=0.9022  sens@0.5=0.8680  spec@0.5=0.6993
  baseline3b   AUROC=0.9183  sens@0.5=0.8731  spec@0.5=0.7862
  diff (wicl-baseline3b) AUROC=-0.0161   DeLong z=-1.584  p=0.1131
  sensitivity delta (wicl-baseline3b) = -0.0051

=== CQ500 external -- STUDY level (agg=mean): wicl vs baseline3b ===
n = 473, positive rate = 0.416
  wicl         AUROC=0.9044  sens@0.5=0.1218  spec@0.5=0.9964
  baseline3b   AUROC=0.9199  sens@0.5=0.0812  spec@0.5=1.0000
  diff (wicl-baseline3b) AUROC=-0.0156   DeLong z=-1.670  p=0.0948
  sensitivity delta (wicl-baseline3b) = +0.0406

saved runs/baselines_bhsd_excluded/external_cq500_baselines3ab_result.json

