building CQ500 external test set ...
CQ500: 22309 slices, 473 studies

=== CQ500 external -- SLICE level (noisy: study labels propagated): baseline4a vs baseline2 ===
n = 22309, positive rate = 0.384
  baseline4a   AUROC=0.6651  sens@0.5=0.2624  spec@0.5=0.9801
  baseline2    AUROC=0.6508  sens@0.5=0.2545  spec@0.5=0.9811
  diff (baseline4a-baseline2) AUROC=+0.0144   DeLong z=+4.276  p=0.0000
  sensitivity delta (baseline4a-baseline2) = +0.0079

=== CQ500 external -- STUDY level (agg=max): baseline4a vs baseline2 ===
n = 473, positive rate = 0.416
  baseline4a   AUROC=0.9230  sens@0.5=0.8680  spec@0.5=0.7500
  baseline2    AUROC=0.8948  sens@0.5=0.8832  spec@0.5=0.7464
  diff (baseline4a-baseline2) AUROC=+0.0282   DeLong z=+3.001  p=0.0027
  sensitivity delta (baseline4a-baseline2) = -0.0152

=== CQ500 external -- STUDY level (agg=mean): baseline4a vs baseline2 ===
n = 473, positive rate = 0.416
  baseline4a   AUROC=0.9194  sens@0.5=0.1523  spec@0.5=1.0000
  baseline2    AUROC=0.9007  sens@0.5=0.1269  spec@0.5=1.0000
  diff (baseline4a-baseline2) AUROC=+0.0187   DeLong z=+2.094  p=0.0363
  sensitivity delta (baseline4a-baseline2) = +0.0254

=== CQ500 external -- SLICE level (noisy: study labels propagated): baseline4b vs baseline2 ===
n = 22309, positive rate = 0.384
  baseline4b   AUROC=0.6206  sens@0.5=0.2799  spec@0.5=0.9606
  baseline2    AUROC=0.6508  sens@0.5=0.2545  spec@0.5=0.9811
  diff (baseline4b-baseline2) AUROC=-0.0302   DeLong z=-8.888  p=0.0000
  sensitivity delta (baseline4b-baseline2) = +0.0254

=== CQ500 external -- STUDY level (agg=max): baseline4b vs baseline2 ===
n = 473, positive rate = 0.416
  baseline4b   AUROC=0.8879  sens@0.5=0.9137  spec@0.5=0.5362
  baseline2    AUROC=0.8948  sens@0.5=0.8832  spec@0.5=0.7464
  diff (baseline4b-baseline2) AUROC=-0.0069   DeLong z=-0.636  p=0.5247
  sensitivity delta (baseline4b-baseline2) = +0.0305

=== CQ500 external -- STUDY level (agg=mean): baseline4b vs baseline2 ===
n = 473, positive rate = 0.416
  baseline4b   AUROC=0.8881  sens@0.5=0.0964  spec@0.5=1.0000
  baseline2    AUROC=0.9007  sens@0.5=0.1269  spec@0.5=1.0000
  diff (baseline4b-baseline2) AUROC=-0.0126   DeLong z=-1.196  p=0.2317
  sensitivity delta (baseline4b-baseline2) = -0.0305

=== CQ500 external -- SLICE level (noisy: study labels propagated): baseline4a vs baseline4b ===
n = 22309, positive rate = 0.384
  baseline4a   AUROC=0.6651  sens@0.5=0.2624  spec@0.5=0.9801
  baseline4b   AUROC=0.6206  sens@0.5=0.2799  spec@0.5=0.9606
  diff (baseline4a-baseline4b) AUROC=+0.0446   DeLong z=+12.640  p=0.0000
  sensitivity delta (baseline4a-baseline4b) = -0.0175

=== CQ500 external -- STUDY level (agg=max): baseline4a vs baseline4b ===
n = 473, positive rate = 0.416
  baseline4a   AUROC=0.9230  sens@0.5=0.8680  spec@0.5=0.7500
  baseline4b   AUROC=0.8879  sens@0.5=0.9137  spec@0.5=0.5362
  diff (baseline4a-baseline4b) AUROC=+0.0351   DeLong z=+2.941  p=0.0033
  sensitivity delta (baseline4a-baseline4b) = -0.0457

=== CQ500 external -- STUDY level (agg=mean): baseline4a vs baseline4b ===
n = 473, positive rate = 0.416
  baseline4a   AUROC=0.9194  sens@0.5=0.1523  spec@0.5=1.0000
  baseline4b   AUROC=0.8881  sens@0.5=0.0964  spec@0.5=1.0000
  diff (baseline4a-baseline4b) AUROC=+0.0313   DeLong z=+2.724  p=0.0064
  sensitivity delta (baseline4a-baseline4b) = +0.0558

=== CQ500 external -- SUBTYPE/SIZE-STRATIFIED (evaluate_pooled_and_stratified, slice level, noisy: study labels propagated) ===
  baseline2: pooled AUROC=0.6508  pooled sens@0.5=0.2545 (0.21776949755386663, 0.2932184173390164)
  baseline4a: pooled AUROC=0.6651  pooled sens@0.5=0.2624 (0.2270090941482448, 0.3005153717330517)
  baseline4b: pooled AUROC=0.6206  pooled sens@0.5=0.2799 (0.2425794480058227, 0.3175842737433729)

--- subtype table: baseline4a vs baseline2 ---

subtype            AUROC(baseline4a)  AUROC(baseline2)sens(baseline4a)sens(baseline2)   delta(pp)  flag
epidural                      0.5944            0.5939        0.0131        0.0079        0.52  
intraparenchymal              0.5981            0.5905        0.1402        0.1418       -0.17  
intraventricular              0.7512            0.7374        0.2334        0.2241        0.93  
subarachnoid                  0.7490            0.7547        0.2417        0.2322        0.95  
subdural                      0.6331            0.6581        0.2167        0.2115        0.52  

--- EDH (primary H1/H2 subtype of interest), baseline4a vs baseline2 ---
  sensitivity_baseline4a=0.0131  sensitivity_baseline2=0.0079  delta=+0.52pp (threshold: 5.0pp)

--- subtype table: baseline4b vs baseline2 ---

subtype            AUROC(baseline4b)  AUROC(baseline2)sens(baseline4b)sens(baseline2)   delta(pp)  flag
epidural                      0.5913            0.5939        0.0000        0.0079       -0.79  
intraparenchymal              0.5997            0.5905        0.0851        0.1418       -5.67  *** >=5pp delta ***
intraventricular              0.6937            0.7374        0.1533        0.2241       -7.08  *** >=5pp delta ***
subarachnoid                  0.7008            0.7547        0.0150        0.2322      -21.72  *** >=5pp delta ***
subdural                      0.6064            0.6581        0.1637        0.2115       -4.78  

--- EDH (primary H1/H2 subtype of interest), baseline4b vs baseline2 ---
  sensitivity_baseline4b=0.0000  sensitivity_baseline2=0.0079  delta=-0.79pp (threshold: 5.0pp)

--- subtype table: baseline4a vs baseline4b ---

subtype            AUROC(baseline4a) AUROC(baseline4b)sens(baseline4a)sens(baseline4b)   delta(pp)  flag
epidural                      0.5944            0.5913        0.0131        0.0000        1.31  
intraparenchymal              0.5981            0.5997        0.1402        0.0851        5.51  *** >=5pp delta ***
intraventricular              0.7512            0.6937        0.2334        0.1533        8.00  *** >=5pp delta ***
subarachnoid                  0.7490            0.7008        0.2417        0.0150       22.67  *** >=5pp delta ***
subdural                      0.6331            0.6064        0.2167        0.1637        5.30  *** >=5pp delta ***

--- EDH (primary H1/H2 subtype of interest), baseline4a vs baseline4b ---
  sensitivity_baseline4a=0.0131  sensitivity_baseline4b=0.0000  delta=+1.31pp (threshold: 5.0pp)

size-tercile stratification: no lesion_size_mm3 available for this site (expected for RSNA/CQ500/PhysioNet-ICH per Section IV-E; BHSD-derived data is the primary size-stratification source)

saved runs/baselines_v1/external_cq500_baselines4ab_result.json
