building CQ500 external test set ...
CQ500: 22309 slices, 473 studies

=== CQ500 external -- SLICE level (noisy: study labels propagated): baseline5 vs baseline2 ===
n = 22309, positive rate = 0.384
  baseline5    AUROC=0.6371  sens@0.5=0.3815  spec@0.5=0.8587
  baseline2    AUROC=0.6508  sens@0.5=0.2545  spec@0.5=0.9811
  diff (baseline5-baseline2) AUROC=-0.0137   DeLong z=-3.926  p=0.0001
  sensitivity delta (baseline5-baseline2) = +0.1270

=== CQ500 external -- STUDY level (agg=max): baseline5 vs baseline2 ===
n = 473, positive rate = 0.416
  baseline5    AUROC=0.8489  sens@0.5=0.9797  spec@0.5=0.1594
  baseline2    AUROC=0.8948  sens@0.5=0.8832  spec@0.5=0.7464
  diff (baseline5-baseline2) AUROC=-0.0459   DeLong z=-3.012  p=0.0026
  sensitivity delta (baseline5-baseline2) = +0.0964

=== CQ500 external -- STUDY level (agg=mean): baseline5 vs baseline2 ===
n = 473, positive rate = 0.416
  baseline5    AUROC=0.8304  sens@0.5=0.2792  spec@0.5=0.9855
  baseline2    AUROC=0.9007  sens@0.5=0.1269  spec@0.5=1.0000
  diff (baseline5-baseline2) AUROC=-0.0703   DeLong z=-4.488  p=0.0000
  sensitivity delta (baseline5-baseline2) = +0.1523

=== CQ500 external -- SUBTYPE/SIZE-STRATIFIED (evaluate_pooled_and_stratified, slice level, noisy: study labels propagated) ===
  baseline2: pooled AUROC=0.6508  pooled sens@0.5=0.2545 (0.21776949755386663, 0.2932184173390164)
  baseline5: pooled AUROC=0.6371  pooled sens@0.5=0.3815 (0.34922920082441244, 0.4140158368628395)

--- subtype table: baseline5 vs baseline2 ---

subtype             AUROC(baseline5)  AUROC(baseline2)sens(baseline5)sens(baseline2)   delta(pp)  flag
epidural                      0.5888            0.5939        0.3333        0.0079       32.55  *** >=5pp delta ***
intraparenchymal              0.6118            0.5905        0.3182        0.1418       17.63  *** >=5pp delta ***
intraventricular              0.7174            0.7374        0.5451        0.2241       32.10  *** >=5pp delta ***
subarachnoid                  0.6727            0.7547        0.4335        0.2322       20.13  *** >=5pp delta ***
subdural                      0.5921            0.6581        0.3490        0.2115       13.74  *** >=5pp delta ***

--- EDH (primary H1/H2 subtype of interest), baseline5 vs baseline2 ---
  sensitivity_baseline5=0.3333  sensitivity_baseline2=0.0079  delta=+32.55pp (threshold: 5.0pp)

size-tercile stratification: no lesion_size_mm3 available for this site (expected for RSNA/CQ500/PhysioNet-ICH per Section IV-E; BHSD-derived data is the primary size-stratification source)

=== SUPPLEMENTARY: WICL (runs/decisive_v2/decisive_wicl, read-only) vs baseline 5 on CQ500 -- partial contribution toward Section VI-C's H2 comparison set, NOT the full Bonferroni-corrected test ===

=== CQ500 external -- SLICE level (noisy): wicl vs baseline5 ===
n = 22309, positive rate = 0.384
  wicl         AUROC=0.6507  sens@0.5=0.2324  spec@0.5=0.9802
  baseline5    AUROC=0.6371  sens@0.5=0.3815  spec@0.5=0.8587
  diff (wicl-baseline5) AUROC=+0.0137   DeLong z=+3.758  p=0.0002
  sensitivity delta (wicl-baseline5) = -0.1491

=== CQ500 external -- STUDY level (agg=max): wicl vs baseline5 ===
n = 473, positive rate = 0.416
  wicl         AUROC=0.9024  sens@0.5=0.8629  spec@0.5=0.7645
  baseline5    AUROC=0.8489  sens@0.5=0.9797  spec@0.5=0.1594
  diff (wicl-baseline5) AUROC=+0.0535   DeLong z=+3.298  p=0.0010
  sensitivity delta (wicl-baseline5) = -0.1168

=== CQ500 external -- STUDY level (agg=mean): wicl vs baseline5 ===
n = 473, positive rate = 0.416
  wicl         AUROC=0.9151  sens@0.5=0.0863  spec@0.5=1.0000
  baseline5    AUROC=0.8304  sens@0.5=0.2792  spec@0.5=0.9855
  diff (wicl-baseline5) AUROC=+0.0847   DeLong z=+5.256  p=0.0000
  sensitivity delta (wicl-baseline5) = -0.1929

saved runs/baselines_v1/external_cq500_baseline5_result.json
