2026-09-14 19:26:09,150 INFO loaded 191 RSNA patient id(s) to exclude (BHSD overlap, see /home/fcse.santoshkumar/ich_windowing/data/bhsd_rsna_overlap_patient_ids.json)
2026-09-14 19:26:09,151 INFO loading RSNA sample index (max_samples=20000)...
2026-09-14 19:26:17,328 WARNING stage_2_train.csv contained 24 fully-duplicated (ID, Label) row(s) (4 unique sop_uid(s) affected); dropped as exact duplicates before pivoting -- see load_labels_wide comment for provenance. This is a pre-existing RSNA release data quirk, not introduced by this pipeline.
2026-09-14 19:26:19,191 INFO using cached patient index at data/rsna/rsna-intracranial-hemorrhage-detection/patient_index_cache.parquet
2026-09-14 19:26:21,646 INFO excluded 10088 slice(s) belonging to 191 RSNA patient(s) confirmed to overlap with BHSD (of 191 requested exclusion ids); 742715 slices remain
2026-09-14 19:26:22,124 INFO patient-grouped 5-fold split verified leakage-free (11854 total patients)
2026-09-14 19:26:22,125 INFO training condition=wicl fold=0 train_n=16000 val_n=4000 device=cuda
2026-09-14 19:26:22,196 INFO Loading pretrained weights from Hugging Face hub (timm/densenet121.ra_in1k)
2026-09-14 19:26:22,710 INFO HTTP Request: GET https://huggingface.co/api/agent-harnesses "HTTP/1.1 200 OK"
2026-09-14 19:26:22,989 INFO HTTP Request: HEAD https://huggingface.co/timm/densenet121.ra_in1k/resolve/main/model.safetensors "HTTP/1.1 302 Found"
Warning: You are sending unauthenticated requests to the HF Hub. Please set a HF_TOKEN to enable higher rate limits and faster downloads.
2026-09-14 19:26:22,989 WARNING Warning: You are sending unauthenticated requests to the HF Hub. Please set a HF_TOKEN to enable higher rate limits and faster downloads.
2026-09-14 19:26:22,990 INFO [timm/densenet121.ra_in1k] Safe alternative available for 'pytorch_model.bin' (as 'model.safetensors'). Loading weights using safetensors.
2026-09-14 19:26:23,078 INFO Missing keys (classifier.weight, classifier.bias) discovered while loading pretrained weights. This is expected if model is being adapted.
/home/fcse.santoshkumar/ich_windowing/ich_gen/datasets/common.py:171: UserWarning: The given NumPy array is not writable, and PyTorch does not support non-writable tensors. This means writing to this tensor will result in undefined behavior. You may want to copy the array to protect its data or make it writable before converting it to a tensor. This type of warning will be suppressed for the rest of this program. (Triggered internally at /__w/pytorch/pytorch/torch/csrc/utils/tensor_numpy.cpp:213.)
  labels = torch.from_numpy(s.labels)
/home/fcse.santoshkumar/ich_windowing/ich_gen/datasets/common.py:171: UserWarning: The given NumPy array is not writable, and PyTorch does not support non-writable tensors. This means writing to this tensor will result in undefined behavior. You may want to copy the array to protect its data or make it writable before converting it to a tensor. This type of warning will be suppressed for the rest of this program. (Triggered internally at /__w/pytorch/pytorch/torch/csrc/utils/tensor_numpy.cpp:213.)
  labels = torch.from_numpy(s.labels)
/home/fcse.santoshkumar/ich_windowing/ich_gen/datasets/common.py:171: UserWarning: The given NumPy array is not writable, and PyTorch does not support non-writable tensors. This means writing to this tensor will result in undefined behavior. You may want to copy the array to protect its data or make it writable before converting it to a tensor. This type of warning will be suppressed for the rest of this program. (Triggered internally at /__w/pytorch/pytorch/torch/csrc/utils/tensor_numpy.cpp:213.)
  labels = torch.from_numpy(s.labels)
/home/fcse.santoshkumar/ich_windowing/ich_gen/datasets/common.py:171: UserWarning: The given NumPy array is not writable, and PyTorch does not support non-writable tensors. This means writing to this tensor will result in undefined behavior. You may want to copy the array to protect its data or make it writable before converting it to a tensor. This type of warning will be suppressed for the rest of this program. (Triggered internally at /__w/pytorch/pytorch/torch/csrc/utils/tensor_numpy.cpp:213.)
  labels = torch.from_numpy(s.labels)
2026-09-14 19:28:07,273 INFO epoch 1/12 loss=0.1593 (101.4s)
/home/fcse.santoshkumar/ich_windowing/ich_gen/datasets/common.py:171: UserWarning: The given NumPy array is not writable, and PyTorch does not support non-writable tensors. This means writing to this tensor will result in undefined behavior. You may want to copy the array to protect its data or make it writable before converting it to a tensor. This type of warning will be suppressed for the rest of this program. (Triggered internally at /__w/pytorch/pytorch/torch/csrc/utils/tensor_numpy.cpp:213.)
  labels = torch.from_numpy(s.labels)
/home/fcse.santoshkumar/ich_windowing/ich_gen/datasets/common.py:171: UserWarning: The given NumPy array is not writable, and PyTorch does not support non-writable tensors. This means writing to this tensor will result in undefined behavior. You may want to copy the array to protect its data or make it writable before converting it to a tensor. This type of warning will be suppressed for the rest of this program. (Triggered internally at /__w/pytorch/pytorch/torch/csrc/utils/tensor_numpy.cpp:213.)
  labels = torch.from_numpy(s.labels)
/home/fcse.santoshkumar/ich_windowing/ich_gen/datasets/common.py:171: UserWarning: The given NumPy array is not writable, and PyTorch does not support non-writable tensors. This means writing to this tensor will result in undefined behavior. You may want to copy the array to protect its data or make it writable before converting it to a tensor. This type of warning will be suppressed for the rest of this program. (Triggered internally at /__w/pytorch/pytorch/torch/csrc/utils/tensor_numpy.cpp:213.)
  labels = torch.from_numpy(s.labels)
/home/fcse.santoshkumar/ich_windowing/ich_gen/datasets/common.py:171: UserWarning: The given NumPy array is not writable, and PyTorch does not support non-writable tensors. This means writing to this tensor will result in undefined behavior. You may want to copy the array to protect its data or make it writable before converting it to a tensor. This type of warning will be suppressed for the rest of this program. (Triggered internally at /__w/pytorch/pytorch/torch/csrc/utils/tensor_numpy.cpp:213.)
  labels = torch.from_numpy(s.labels)
2026-09-14 19:29:47,557 INFO epoch 2/12 loss=0.1084 (100.2s)
/home/fcse.santoshkumar/ich_windowing/ich_gen/datasets/common.py:171: UserWarning: The given NumPy array is not writable, and PyTorch does not support non-writable tensors. This means writing to this tensor will result in undefined behavior. You may want to copy the array to protect its data or make it writable before converting it to a tensor. This type of warning will be suppressed for the rest of this program. (Triggered internally at /__w/pytorch/pytorch/torch/csrc/utils/tensor_numpy.cpp:213.)
  labels = torch.from_numpy(s.labels)
/home/fcse.santoshkumar/ich_windowing/ich_gen/datasets/common.py:171: UserWarning: The given NumPy array is not writable, and PyTorch does not support non-writable tensors. This means writing to this tensor will result in undefined behavior. You may want to copy the array to protect its data or make it writable before converting it to a tensor. This type of warning will be suppressed for the rest of this program. (Triggered internally at /__w/pytorch/pytorch/torch/csrc/utils/tensor_numpy.cpp:213.)
  labels = torch.from_numpy(s.labels)
/home/fcse.santoshkumar/ich_windowing/ich_gen/datasets/common.py:171: UserWarning: The given NumPy array is not writable, and PyTorch does not support non-writable tensors. This means writing to this tensor will result in undefined behavior. You may want to copy the array to protect its data or make it writable before converting it to a tensor. This type of warning will be suppressed for the rest of this program. (Triggered internally at /__w/pytorch/pytorch/torch/csrc/utils/tensor_numpy.cpp:213.)
  labels = torch.from_numpy(s.labels)
/home/fcse.santoshkumar/ich_windowing/ich_gen/datasets/common.py:171: UserWarning: The given NumPy array is not writable, and PyTorch does not support non-writable tensors. This means writing to this tensor will result in undefined behavior. You may want to copy the array to protect its data or make it writable before converting it to a tensor. This type of warning will be suppressed for the rest of this program. (Triggered internally at /__w/pytorch/pytorch/torch/csrc/utils/tensor_numpy.cpp:213.)
  labels = torch.from_numpy(s.labels)
2026-09-14 19:31:21,080 INFO epoch 3/12 loss=0.0855 (93.5s)
/home/fcse.santoshkumar/ich_windowing/ich_gen/datasets/common.py:171: UserWarning: The given NumPy array is not writable, and PyTorch does not support non-writable tensors. This means writing to this tensor will result in undefined behavior. You may want to copy the array to protect its data or make it writable before converting it to a tensor. This type of warning will be suppressed for the rest of this program. (Triggered internally at /__w/pytorch/pytorch/torch/csrc/utils/tensor_numpy.cpp:213.)
  labels = torch.from_numpy(s.labels)
/home/fcse.santoshkumar/ich_windowing/ich_gen/datasets/common.py:171: UserWarning: The given NumPy array is not writable, and PyTorch does not support non-writable tensors. This means writing to this tensor will result in undefined behavior. You may want to copy the array to protect its data or make it writable before converting it to a tensor. This type of warning will be suppressed for the rest of this program. (Triggered internally at /__w/pytorch/pytorch/torch/csrc/utils/tensor_numpy.cpp:213.)
  labels = torch.from_numpy(s.labels)
/home/fcse.santoshkumar/ich_windowing/ich_gen/datasets/common.py:171: UserWarning: The given NumPy array is not writable, and PyTorch does not support non-writable tensors. This means writing to this tensor will result in undefined behavior. You may want to copy the array to protect its data or make it writable before converting it to a tensor. This type of warning will be suppressed for the rest of this program. (Triggered internally at /__w/pytorch/pytorch/torch/csrc/utils/tensor_numpy.cpp:213.)
  labels = torch.from_numpy(s.labels)
/home/fcse.santoshkumar/ich_windowing/ich_gen/datasets/common.py:171: UserWarning: The given NumPy array is not writable, and PyTorch does not support non-writable tensors. This means writing to this tensor will result in undefined behavior. You may want to copy the array to protect its data or make it writable before converting it to a tensor. This type of warning will be suppressed for the rest of this program. (Triggered internally at /__w/pytorch/pytorch/torch/csrc/utils/tensor_numpy.cpp:213.)
  labels = torch.from_numpy(s.labels)
2026-09-14 19:32:53,582 INFO epoch 4/12 loss=0.0657 (92.5s)
/home/fcse.santoshkumar/ich_windowing/ich_gen/datasets/common.py:171: UserWarning: The given NumPy array is not writable, and PyTorch does not support non-writable tensors. This means writing to this tensor will result in undefined behavior. You may want to copy the array to protect its data or make it writable before converting it to a tensor. This type of warning will be suppressed for the rest of this program. (Triggered internally at /__w/pytorch/pytorch/torch/csrc/utils/tensor_numpy.cpp:213.)
  labels = torch.from_numpy(s.labels)
/home/fcse.santoshkumar/ich_windowing/ich_gen/datasets/common.py:171: UserWarning: The given NumPy array is not writable, and PyTorch does not support non-writable tensors. This means writing to this tensor will result in undefined behavior. You may want to copy the array to protect its data or make it writable before converting it to a tensor. This type of warning will be suppressed for the rest of this program. (Triggered internally at /__w/pytorch/pytorch/torch/csrc/utils/tensor_numpy.cpp:213.)
  labels = torch.from_numpy(s.labels)
/home/fcse.santoshkumar/ich_windowing/ich_gen/datasets/common.py:171: UserWarning: The given NumPy array is not writable, and PyTorch does not support non-writable tensors. This means writing to this tensor will result in undefined behavior. You may want to copy the array to protect its data or make it writable before converting it to a tensor. This type of warning will be suppressed for the rest of this program. (Triggered internally at /__w/pytorch/pytorch/torch/csrc/utils/tensor_numpy.cpp:213.)
  labels = torch.from_numpy(s.labels)
/home/fcse.santoshkumar/ich_windowing/ich_gen/datasets/common.py:171: UserWarning: The given NumPy array is not writable, and PyTorch does not support non-writable tensors. This means writing to this tensor will result in undefined behavior. You may want to copy the array to protect its data or make it writable before converting it to a tensor. This type of warning will be suppressed for the rest of this program. (Triggered internally at /__w/pytorch/pytorch/torch/csrc/utils/tensor_numpy.cpp:213.)
  labels = torch.from_numpy(s.labels)
2026-09-14 19:34:26,652 INFO epoch 5/12 loss=0.0487 (93.0s)
/home/fcse.santoshkumar/ich_windowing/ich_gen/datasets/common.py:171: UserWarning: The given NumPy array is not writable, and PyTorch does not support non-writable tensors. This means writing to this tensor will result in undefined behavior. You may want to copy the array to protect its data or make it writable before converting it to a tensor. This type of warning will be suppressed for the rest of this program. (Triggered internally at /__w/pytorch/pytorch/torch/csrc/utils/tensor_numpy.cpp:213.)
  labels = torch.from_numpy(s.labels)
/home/fcse.santoshkumar/ich_windowing/ich_gen/datasets/common.py:171: UserWarning: The given NumPy array is not writable, and PyTorch does not support non-writable tensors. This means writing to this tensor will result in undefined behavior. You may want to copy the array to protect its data or make it writable before converting it to a tensor. This type of warning will be suppressed for the rest of this program. (Triggered internally at /__w/pytorch/pytorch/torch/csrc/utils/tensor_numpy.cpp:213.)
  labels = torch.from_numpy(s.labels)
/home/fcse.santoshkumar/ich_windowing/ich_gen/datasets/common.py:171: UserWarning: The given NumPy array is not writable, and PyTorch does not support non-writable tensors. This means writing to this tensor will result in undefined behavior. You may want to copy the array to protect its data or make it writable before converting it to a tensor. This type of warning will be suppressed for the rest of this program. (Triggered internally at /__w/pytorch/pytorch/torch/csrc/utils/tensor_numpy.cpp:213.)
  labels = torch.from_numpy(s.labels)
/home/fcse.santoshkumar/ich_windowing/ich_gen/datasets/common.py:171: UserWarning: The given NumPy array is not writable, and PyTorch does not support non-writable tensors. This means writing to this tensor will result in undefined behavior. You may want to copy the array to protect its data or make it writable before converting it to a tensor. This type of warning will be suppressed for the rest of this program. (Triggered internally at /__w/pytorch/pytorch/torch/csrc/utils/tensor_numpy.cpp:213.)
  labels = torch.from_numpy(s.labels)
2026-09-14 19:36:00,643 INFO epoch 6/12 loss=0.0347 (93.9s)
/home/fcse.santoshkumar/ich_windowing/ich_gen/datasets/common.py:171: UserWarning: The given NumPy array is not writable, and PyTorch does not support non-writable tensors. This means writing to this tensor will result in undefined behavior. You may want to copy the array to protect its data or make it writable before converting it to a tensor. This type of warning will be suppressed for the rest of this program. (Triggered internally at /__w/pytorch/pytorch/torch/csrc/utils/tensor_numpy.cpp:213.)
  labels = torch.from_numpy(s.labels)
/home/fcse.santoshkumar/ich_windowing/ich_gen/datasets/common.py:171: UserWarning: The given NumPy array is not writable, and PyTorch does not support non-writable tensors. This means writing to this tensor will result in undefined behavior. You may want to copy the array to protect its data or make it writable before converting it to a tensor. This type of warning will be suppressed for the rest of this program. (Triggered internally at /__w/pytorch/pytorch/torch/csrc/utils/tensor_numpy.cpp:213.)
  labels = torch.from_numpy(s.labels)
/home/fcse.santoshkumar/ich_windowing/ich_gen/datasets/common.py:171: UserWarning: The given NumPy array is not writable, and PyTorch does not support non-writable tensors. This means writing to this tensor will result in undefined behavior. You may want to copy the array to protect its data or make it writable before converting it to a tensor. This type of warning will be suppressed for the rest of this program. (Triggered internally at /__w/pytorch/pytorch/torch/csrc/utils/tensor_numpy.cpp:213.)
  labels = torch.from_numpy(s.labels)
/home/fcse.santoshkumar/ich_windowing/ich_gen/datasets/common.py:171: UserWarning: The given NumPy array is not writable, and PyTorch does not support non-writable tensors. This means writing to this tensor will result in undefined behavior. You may want to copy the array to protect its data or make it writable before converting it to a tensor. This type of warning will be suppressed for the rest of this program. (Triggered internally at /__w/pytorch/pytorch/torch/csrc/utils/tensor_numpy.cpp:213.)
  labels = torch.from_numpy(s.labels)
2026-09-14 19:37:33,705 INFO epoch 7/12 loss=0.0240 (93.0s)
/home/fcse.santoshkumar/ich_windowing/ich_gen/datasets/common.py:171: UserWarning: The given NumPy array is not writable, and PyTorch does not support non-writable tensors. This means writing to this tensor will result in undefined behavior. You may want to copy the array to protect its data or make it writable before converting it to a tensor. This type of warning will be suppressed for the rest of this program. (Triggered internally at /__w/pytorch/pytorch/torch/csrc/utils/tensor_numpy.cpp:213.)
  labels = torch.from_numpy(s.labels)
/home/fcse.santoshkumar/ich_windowing/ich_gen/datasets/common.py:171: UserWarning: The given NumPy array is not writable, and PyTorch does not support non-writable tensors. This means writing to this tensor will result in undefined behavior. You may want to copy the array to protect its data or make it writable before converting it to a tensor. This type of warning will be suppressed for the rest of this program. (Triggered internally at /__w/pytorch/pytorch/torch/csrc/utils/tensor_numpy.cpp:213.)
  labels = torch.from_numpy(s.labels)
/home/fcse.santoshkumar/ich_windowing/ich_gen/datasets/common.py:171: UserWarning: The given NumPy array is not writable, and PyTorch does not support non-writable tensors. This means writing to this tensor will result in undefined behavior. You may want to copy the array to protect its data or make it writable before converting it to a tensor. This type of warning will be suppressed for the rest of this program. (Triggered internally at /__w/pytorch/pytorch/torch/csrc/utils/tensor_numpy.cpp:213.)
  labels = torch.from_numpy(s.labels)
/home/fcse.santoshkumar/ich_windowing/ich_gen/datasets/common.py:171: UserWarning: The given NumPy array is not writable, and PyTorch does not support non-writable tensors. This means writing to this tensor will result in undefined behavior. You may want to copy the array to protect its data or make it writable before converting it to a tensor. This type of warning will be suppressed for the rest of this program. (Triggered internally at /__w/pytorch/pytorch/torch/csrc/utils/tensor_numpy.cpp:213.)
  labels = torch.from_numpy(s.labels)
2026-09-14 19:39:06,985 INFO epoch 8/12 loss=0.0170 (93.2s)
/home/fcse.santoshkumar/ich_windowing/ich_gen/datasets/common.py:171: UserWarning: The given NumPy array is not writable, and PyTorch does not support non-writable tensors. This means writing to this tensor will result in undefined behavior. You may want to copy the array to protect its data or make it writable before converting it to a tensor. This type of warning will be suppressed for the rest of this program. (Triggered internally at /__w/pytorch/pytorch/torch/csrc/utils/tensor_numpy.cpp:213.)
  labels = torch.from_numpy(s.labels)
/home/fcse.santoshkumar/ich_windowing/ich_gen/datasets/common.py:171: UserWarning: The given NumPy array is not writable, and PyTorch does not support non-writable tensors. This means writing to this tensor will result in undefined behavior. You may want to copy the array to protect its data or make it writable before converting it to a tensor. This type of warning will be suppressed for the rest of this program. (Triggered internally at /__w/pytorch/pytorch/torch/csrc/utils/tensor_numpy.cpp:213.)
  labels = torch.from_numpy(s.labels)
/home/fcse.santoshkumar/ich_windowing/ich_gen/datasets/common.py:171: UserWarning: The given NumPy array is not writable, and PyTorch does not support non-writable tensors. This means writing to this tensor will result in undefined behavior. You may want to copy the array to protect its data or make it writable before converting it to a tensor. This type of warning will be suppressed for the rest of this program. (Triggered internally at /__w/pytorch/pytorch/torch/csrc/utils/tensor_numpy.cpp:213.)
  labels = torch.from_numpy(s.labels)
/home/fcse.santoshkumar/ich_windowing/ich_gen/datasets/common.py:171: UserWarning: The given NumPy array is not writable, and PyTorch does not support non-writable tensors. This means writing to this tensor will result in undefined behavior. You may want to copy the array to protect its data or make it writable before converting it to a tensor. This type of warning will be suppressed for the rest of this program. (Triggered internally at /__w/pytorch/pytorch/torch/csrc/utils/tensor_numpy.cpp:213.)
  labels = torch.from_numpy(s.labels)
2026-09-14 19:40:40,636 INFO epoch 9/12 loss=0.0120 (93.6s)
/home/fcse.santoshkumar/ich_windowing/ich_gen/datasets/common.py:171: UserWarning: The given NumPy array is not writable, and PyTorch does not support non-writable tensors. This means writing to this tensor will result in undefined behavior. You may want to copy the array to protect its data or make it writable before converting it to a tensor. This type of warning will be suppressed for the rest of this program. (Triggered internally at /__w/pytorch/pytorch/torch/csrc/utils/tensor_numpy.cpp:213.)
  labels = torch.from_numpy(s.labels)
/home/fcse.santoshkumar/ich_windowing/ich_gen/datasets/common.py:171: UserWarning: The given NumPy array is not writable, and PyTorch does not support non-writable tensors. This means writing to this tensor will result in undefined behavior. You may want to copy the array to protect its data or make it writable before converting it to a tensor. This type of warning will be suppressed for the rest of this program. (Triggered internally at /__w/pytorch/pytorch/torch/csrc/utils/tensor_numpy.cpp:213.)
  labels = torch.from_numpy(s.labels)
/home/fcse.santoshkumar/ich_windowing/ich_gen/datasets/common.py:171: UserWarning: The given NumPy array is not writable, and PyTorch does not support non-writable tensors. This means writing to this tensor will result in undefined behavior. You may want to copy the array to protect its data or make it writable before converting it to a tensor. This type of warning will be suppressed for the rest of this program. (Triggered internally at /__w/pytorch/pytorch/torch/csrc/utils/tensor_numpy.cpp:213.)
  labels = torch.from_numpy(s.labels)
/home/fcse.santoshkumar/ich_windowing/ich_gen/datasets/common.py:171: UserWarning: The given NumPy array is not writable, and PyTorch does not support non-writable tensors. This means writing to this tensor will result in undefined behavior. You may want to copy the array to protect its data or make it writable before converting it to a tensor. This type of warning will be suppressed for the rest of this program. (Triggered internally at /__w/pytorch/pytorch/torch/csrc/utils/tensor_numpy.cpp:213.)
  labels = torch.from_numpy(s.labels)
2026-09-14 19:42:22,141 INFO epoch 10/12 loss=0.0084 (101.5s)
/home/fcse.santoshkumar/ich_windowing/ich_gen/datasets/common.py:171: UserWarning: The given NumPy array is not writable, and PyTorch does not support non-writable tensors. This means writing to this tensor will result in undefined behavior. You may want to copy the array to protect its data or make it writable before converting it to a tensor. This type of warning will be suppressed for the rest of this program. (Triggered internally at /__w/pytorch/pytorch/torch/csrc/utils/tensor_numpy.cpp:213.)
  labels = torch.from_numpy(s.labels)
/home/fcse.santoshkumar/ich_windowing/ich_gen/datasets/common.py:171: UserWarning: The given NumPy array is not writable, and PyTorch does not support non-writable tensors. This means writing to this tensor will result in undefined behavior. You may want to copy the array to protect its data or make it writable before converting it to a tensor. This type of warning will be suppressed for the rest of this program. (Triggered internally at /__w/pytorch/pytorch/torch/csrc/utils/tensor_numpy.cpp:213.)
  labels = torch.from_numpy(s.labels)
/home/fcse.santoshkumar/ich_windowing/ich_gen/datasets/common.py:171: UserWarning: The given NumPy array is not writable, and PyTorch does not support non-writable tensors. This means writing to this tensor will result in undefined behavior. You may want to copy the array to protect its data or make it writable before converting it to a tensor. This type of warning will be suppressed for the rest of this program. (Triggered internally at /__w/pytorch/pytorch/torch/csrc/utils/tensor_numpy.cpp:213.)
  labels = torch.from_numpy(s.labels)
/home/fcse.santoshkumar/ich_windowing/ich_gen/datasets/common.py:171: UserWarning: The given NumPy array is not writable, and PyTorch does not support non-writable tensors. This means writing to this tensor will result in undefined behavior. You may want to copy the array to protect its data or make it writable before converting it to a tensor. This type of warning will be suppressed for the rest of this program. (Triggered internally at /__w/pytorch/pytorch/torch/csrc/utils/tensor_numpy.cpp:213.)
  labels = torch.from_numpy(s.labels)
2026-09-14 19:44:02,227 INFO epoch 11/12 loss=0.0066 (100.0s)
/home/fcse.santoshkumar/ich_windowing/ich_gen/datasets/common.py:171: UserWarning: The given NumPy array is not writable, and PyTorch does not support non-writable tensors. This means writing to this tensor will result in undefined behavior. You may want to copy the array to protect its data or make it writable before converting it to a tensor. This type of warning will be suppressed for the rest of this program. (Triggered internally at /__w/pytorch/pytorch/torch/csrc/utils/tensor_numpy.cpp:213.)
  labels = torch.from_numpy(s.labels)
/home/fcse.santoshkumar/ich_windowing/ich_gen/datasets/common.py:171: UserWarning: The given NumPy array is not writable, and PyTorch does not support non-writable tensors. This means writing to this tensor will result in undefined behavior. You may want to copy the array to protect its data or make it writable before converting it to a tensor. This type of warning will be suppressed for the rest of this program. (Triggered internally at /__w/pytorch/pytorch/torch/csrc/utils/tensor_numpy.cpp:213.)
  labels = torch.from_numpy(s.labels)
/home/fcse.santoshkumar/ich_windowing/ich_gen/datasets/common.py:171: UserWarning: The given NumPy array is not writable, and PyTorch does not support non-writable tensors. This means writing to this tensor will result in undefined behavior. You may want to copy the array to protect its data or make it writable before converting it to a tensor. This type of warning will be suppressed for the rest of this program. (Triggered internally at /__w/pytorch/pytorch/torch/csrc/utils/tensor_numpy.cpp:213.)
  labels = torch.from_numpy(s.labels)
/home/fcse.santoshkumar/ich_windowing/ich_gen/datasets/common.py:171: UserWarning: The given NumPy array is not writable, and PyTorch does not support non-writable tensors. This means writing to this tensor will result in undefined behavior. You may want to copy the array to protect its data or make it writable before converting it to a tensor. This type of warning will be suppressed for the rest of this program. (Triggered internally at /__w/pytorch/pytorch/torch/csrc/utils/tensor_numpy.cpp:213.)
  labels = torch.from_numpy(s.labels)
2026-09-14 19:45:42,021 INFO epoch 12/12 loss=0.0062 (99.7s)
2026-09-14 19:45:42,075 INFO done. checkpoint + history written to runs/baselines_bhsd_excluded/wicl_ablation_pred_only
