
## DN20k seed 0
  rsna/B2 {"auroc": 0.9677, "sens": 0.942, "spec": 0.8551, "ece": 0.0892, "sub_auroc": {"epidural": 0.8737, "intraparenchymal": 0.951, "intraventricular": 0.9635, "subarachnoid": 0.9115, "subdural": 0.9351}, "edh_detected": "15/40"}
  rsna/B4c {"auroc": 0.9647, "sens": 0.9519, "spec": 0.842, "ece": 0.0978, "sub_auroc": {"epidural": 0.8887, "intraparenchymal": 0.9546, "intraventricular": 0.9669, "subarachnoid": 0.9065, "subdural": 0.9288}, "edh_detected": "9/40"}
  rsna/WICL {"auroc": 0.9653, "sens": 0.9442, "spec": 0.8551, "ece": 0.0911, "sub_auroc": {"epidural": 0.8655, "intraparenchymal": 0.9557, "intraventricular": 0.9717, "subarachnoid": 0.9104, "subdural": 0.9307}, "edh_detected": "4/40"}
  cq500/B2 {"auroc": 0.9054, "sens": 0.9086, "spec": 0.692, "ece": 0.1873, "sub_auroc": {"epidural": 0.8664, "intraparenchymal": 0.8884, "intraventricular": 0.9799, "subarachnoid": 0.9352, "subdural": 0.8909}, "edh_detected": "2/12"}
  cq500/B4c {"auroc": 0.9134, "sens": 0.8934, "spec": 0.7101, "ece": 0.1653, "sub_auroc": {"epidural": 0.8783, "intraparenchymal": 0.8942, "intraventricular": 0.9823, "subarachnoid": 0.954, "subdural": 0.8872}, "edh_detected": "0/12"}
  cq500/WICL {"auroc": 0.9022, "sens": 0.868, "spec": 0.6993, "ece": 0.1853, "sub_auroc": {"epidural": 0.8518, "intraparenchymal": 0.9082, "intraventricular": 0.9852, "subarachnoid": 0.9379, "subdural": 0.8784}, "edh_detected": "0/12"}
  physionet/B2 {"auroc": 0.9295, "sens": 0.9722, "spec": 0.3077, "ece": 0.3407, "sub_auroc": {"epidural": 0.7857, "intraparenchymal": 0.8231, "intraventricular": 0.9829, "subarachnoid": 0.916, "subdural": 0.8803}, "edh_detected": "3/21"}
  physionet/B4c {"auroc": 0.9573, "sens": 0.9722, "spec": 0.6154, "ece": 0.186, "sub_auroc": {"epidural": 0.8298, "intraparenchymal": 0.8347, "intraventricular": 0.9943, "subarachnoid": 0.7773, "subdural": 0.919}, "edh_detected": "4/21"}
  physionet/WICL {"auroc": 0.9195, "sens": 0.9444, "spec": 0.7179, "ece": 0.1844, "sub_auroc": {"epidural": 0.7795, "intraparenchymal": 0.8167, "intraventricular": 0.9914, "subarachnoid": 0.7857, "subdural": 0.8521}, "edh_detected": "0/21"}
  delta/cq500/B2 {"h1_diff_subtype_minus_pooled": -0.0487, "h1_p": 0.0, "d_spec": -0.1631, "d_spec_p": 0.0, "d_sens": -0.0334, "d_sens_p": 0.116}
  delta/cq500/B4c {"h1_diff_subtype_minus_pooled": -0.043, "h1_p": 0.012, "d_spec": -0.1319, "d_spec_p": 0.0, "d_sens": -0.0585, "d_sens_p": 0.004}
  delta/cq500/WICL {"h1_diff_subtype_minus_pooled": -0.0498, "h1_p": 0.004, "d_spec": -0.1558, "d_spec_p": 0.0, "d_sens": -0.0762, "d_sens_p": 0.002}
  delta/physionet/B2 {"h1_diff_subtype_minus_pooled": 0.0143, "h1_p": 0.654, "d_spec": -0.5474, "d_spec_p": 0.0, "d_sens": 0.0302, "d_sens_p": 0.296}
  delta/physionet/B4c {"h1_diff_subtype_minus_pooled": 0.0556, "h1_p": 0.078, "d_spec": -0.2266, "d_spec_p": 0.006, "d_sens": 0.0204, "d_sens_p": 0.426}
  delta/physionet/WICL {"h1_diff_subtype_minus_pooled": 0.0418, "h1_p": 0.308, "d_spec": -0.1371, "d_spec_p": 0.062, "d_sens": 0.0002, "d_sens_p": 0.9}
  diff/rsna/WICL-B4c {"diff": 0.0005, "p": 0.848}
  diff/rsna/B4c-B2 {"diff": -0.0029, "p": 0.19}
  diff/rsna/WICL-B2 {"diff": -0.0024, "p": 0.362}
  diff/cq500/WICL-B4c {"diff": -0.0112, "p": 0.212}
  diff/cq500/B4c-B2 {"diff": 0.008, "p": 0.424}
  diff/cq500/WICL-B2 {"diff": -0.0032, "p": 0.724}
  diff/physionet/WICL-B4c {"diff": -0.0377, "p": 0.076}
  diff/physionet/B4c-B2 {"diff": 0.0278, "p": 0.232}
  diff/physionet/WICL-B2 {"diff": -0.01, "p": 0.716}

## DN20k seed 1
  rsna/B2 {"auroc": 0.966, "sens": 0.9398, "spec": 0.8839, "ece": 0.0754, "sub_auroc": {"epidural": 0.8723, "intraparenchymal": 0.9558, "intraventricular": 0.9643, "subarachnoid": 0.9164, "subdural": 0.9226}, "edh_detected": "13/40"}
  rsna/B4c {"auroc": 0.9623, "sens": 0.9245, "spec": 0.8771, "ece": 0.0787, "sub_auroc": {"epidural": 0.9041, "intraparenchymal": 0.9541, "intraventricular": 0.9628, "subarachnoid": 0.911, "subdural": 0.9251}, "edh_detected": "11/40"}
  rsna/WICL {"auroc": 0.9661, "sens": 0.93, "spec": 0.9128, "ece": 0.0614, "sub_auroc": {"epidural": 0.8566, "intraparenchymal": 0.9536, "intraventricular": 0.969, "subarachnoid": 0.9095, "subdural": 0.9263}, "edh_detected": "2/40"}
  cq500/B2 {"auroc": 0.9014, "sens": 0.8782, "spec": 0.779, "ece": 0.1539, "sub_auroc": {"epidural": 0.8811, "intraparenchymal": 0.8897, "intraventricular": 0.978, "subarachnoid": 0.9338, "subdural": 0.8733}, "edh_detected": "2/12"}
  cq500/B4c {"auroc": 0.9107, "sens": 0.8782, "spec": 0.7428, "ece": 0.1526, "sub_auroc": {"epidural": 0.8684, "intraparenchymal": 0.8935, "intraventricular": 0.9775, "subarachnoid": 0.9264, "subdural": 0.8808}, "edh_detected": "2/12"}
  cq500/WICL {"auroc": 0.9008, "sens": 0.8426, "spec": 0.8116, "ece": 0.1314, "sub_auroc": {"epidural": 0.814, "intraparenchymal": 0.8915, "intraventricular": 0.9766, "subarachnoid": 0.9258, "subdural": 0.8815}, "edh_detected": "0/12"}
  physionet/B2 {"auroc": 0.9231, "sens": 1.0, "spec": 0.4872, "ece": 0.2618, "sub_auroc": {"epidural": 0.7804, "intraparenchymal": 0.8686, "intraventricular": 0.9743, "subarachnoid": 0.916, "subdural": 0.8592}, "edh_detected": "1/21"}
  physionet/B4c {"auroc": 0.8917, "sens": 0.8056, "spec": 0.7949, "ece": 0.1496, "sub_auroc": {"epidural": 0.7716, "intraparenchymal": 0.8549, "intraventricular": 0.9943, "subarachnoid": 0.8235, "subdural": 0.8204}, "edh_detected": "4/21"}
  physionet/WICL {"auroc": 0.9487, "sens": 0.9167, "spec": 0.7436, "ece": 0.1323, "sub_auroc": {"epidural": 0.8113, "intraparenchymal": 0.8252, "intraventricular": 0.9914, "subarachnoid": 0.8004, "subdural": 0.8521}, "edh_detected": "0/21"}
  delta/cq500/B2 {"h1_diff_subtype_minus_pooled": -0.0511, "h1_p": 0.0, "d_spec": -0.1049, "d_spec_p": 0.0, "d_sens": -0.0617, "d_sens_p": 0.002}
  delta/cq500/B4c {"h1_diff_subtype_minus_pooled": -0.03, "h1_p": 0.11, "d_spec": -0.1343, "d_spec_p": 0.0, "d_sens": -0.0463, "d_sens_p": 0.068}
  delta/cq500/WICL {"h1_diff_subtype_minus_pooled": -0.0402, "h1_p": 0.022, "d_spec": -0.1012, "d_spec_p": 0.0, "d_sens": -0.0873, "d_sens_p": 0.002}
  delta/physionet/B2 {"h1_diff_subtype_minus_pooled": 0.0066, "h1_p": 0.86, "d_spec": -0.3967, "d_spec_p": 0.0, "d_sens": 0.0602, "d_sens_p": 0.0}
  delta/physionet/B4c {"h1_diff_subtype_minus_pooled": 0.012, "h1_p": 0.776, "d_spec": -0.0822, "d_spec_p": 0.2, "d_sens": -0.119, "d_sens_p": 0.062}
  delta/physionet/WICL {"h1_diff_subtype_minus_pooled": 0.0548, "h1_p": 0.124, "d_spec": -0.1692, "d_spec_p": 0.016, "d_sens": -0.0133, "d_sens_p": 0.788}
  diff/rsna/WICL-B4c {"diff": 0.0038, "p": 0.13}
  diff/rsna/B4c-B2 {"diff": -0.0037, "p": 0.2}
  diff/rsna/WICL-B2 {"diff": 0.0001, "p": 0.95}
  diff/cq500/WICL-B4c {"diff": -0.0099, "p": 0.288}
  diff/cq500/B4c-B2 {"diff": 0.0093, "p": 0.376}
  diff/cq500/WICL-B2 {"diff": -0.0006, "p": 0.962}
  diff/physionet/WICL-B4c {"diff": 0.057, "p": 0.056}
  diff/physionet/B4c-B2 {"diff": -0.0313, "p": 0.3}
  diff/physionet/WICL-B2 {"diff": 0.0256, "p": 0.336}

## DN20k seed 2
  rsna/B2 {"auroc": 0.9673, "sens": 0.954, "spec": 0.8482, "ece": 0.0949, "sub_auroc": {"epidural": 0.8726, "intraparenchymal": 0.9539, "intraventricular": 0.9628, "subarachnoid": 0.9149, "subdural": 0.9295}, "edh_detected": "14/40"}
  rsna/B4c {"auroc": 0.9639, "sens": 0.9387, "spec": 0.8537, "ece": 0.0925, "sub_auroc": {"epidural": 0.8889, "intraparenchymal": 0.9494, "intraventricular": 0.9725, "subarachnoid": 0.9137, "subdural": 0.9323}, "edh_detected": "8/40"}
  rsna/WICL {"auroc": 0.967, "sens": 0.9453, "spec": 0.8468, "ece": 0.0928, "sub_auroc": {"epidural": 0.8577, "intraparenchymal": 0.9549, "intraventricular": 0.9679, "subarachnoid": 0.914, "subdural": 0.926}, "edh_detected": "2/40"}
  cq500/B2 {"auroc": 0.9089, "sens": 0.8934, "spec": 0.7029, "ece": 0.1789, "sub_auroc": {"epidural": 0.818, "intraparenchymal": 0.9041, "intraventricular": 0.9798, "subarachnoid": 0.9341, "subdural": 0.8652}, "edh_detected": "2/12"}
  cq500/B4c {"auroc": 0.9024, "sens": 0.8985, "spec": 0.721, "ece": 0.1745, "sub_auroc": {"epidural": 0.8496, "intraparenchymal": 0.8974, "intraventricular": 0.9767, "subarachnoid": 0.9357, "subdural": 0.8778}, "edh_detected": "1/12"}
  cq500/WICL {"auroc": 0.9045, "sens": 0.8782, "spec": 0.7391, "ece": 0.1684, "sub_auroc": {"epidural": 0.7708, "intraparenchymal": 0.9002, "intraventricular": 0.9832, "subarachnoid": 0.927, "subdural": 0.8664}, "edh_detected": "0/12"}
  physionet/B2 {"auroc": 0.9387, "sens": 1.0, "spec": 0.3846, "ece": 0.3202, "sub_auroc": {"epidural": 0.8598, "intraparenchymal": 0.8697, "intraventricular": 0.9257, "subarachnoid": 0.7878, "subdural": 0.9049}, "edh_detected": "3/21"}
  physionet/B4c {"auroc": 0.9074, "sens": 0.9444, "spec": 0.7179, "ece": 0.1679, "sub_auroc": {"epidural": 0.7884, "intraparenchymal": 0.8591, "intraventricular": 0.98, "subarachnoid": 0.7878, "subdural": 0.912}, "edh_detected": "1/21"}
  physionet/WICL {"auroc": 0.958, "sens": 0.9444, "spec": 0.641, "ece": 0.195, "sub_auroc": {"epidural": 0.8439, "intraparenchymal": 0.8326, "intraventricular": 0.9714, "subarachnoid": 0.7164, "subdural": 0.919}, "edh_detected": "0/21"}
  delta/cq500/B2 {"h1_diff_subtype_minus_pooled": -0.0314, "h1_p": 0.058, "d_spec": -0.1453, "d_spec_p": 0.0, "d_sens": -0.0606, "d_sens_p": 0.006}
  delta/cq500/B4c {"h1_diff_subtype_minus_pooled": -0.0381, "h1_p": 0.036, "d_spec": -0.1327, "d_spec_p": 0.0, "d_sens": -0.0403, "d_sens_p": 0.07}
  delta/cq500/WICL {"h1_diff_subtype_minus_pooled": -0.0261, "h1_p": 0.194, "d_spec": -0.1077, "d_spec_p": 0.0, "d_sens": -0.0671, "d_sens_p": 0.01}
  delta/physionet/B2 {"h1_diff_subtype_minus_pooled": 0.0318, "h1_p": 0.348, "d_spec": -0.4636, "d_spec_p": 0.0, "d_sens": 0.046, "d_sens_p": 0.0}
  delta/physionet/B4c {"h1_diff_subtype_minus_pooled": 0.0134, "h1_p": 0.706, "d_spec": -0.1358, "d_spec_p": 0.036, "d_sens": 0.0057, "d_sens_p": 0.864}
  delta/physionet/WICL {"h1_diff_subtype_minus_pooled": 0.0635, "h1_p": 0.08, "d_spec": -0.2058, "d_spec_p": 0.006, "d_sens": -0.0009, "d_sens_p": 0.988}
  diff/rsna/WICL-B4c {"diff": 0.0031, "p": 0.186}
  diff/rsna/B4c-B2 {"diff": -0.0034, "p": 0.176}
  diff/rsna/WICL-B2 {"diff": -0.0003, "p": 0.88}
  diff/cq500/WICL-B4c {"diff": 0.0021, "p": 0.816}
  diff/cq500/B4c-B2 {"diff": -0.0065, "p": 0.57}
  diff/cq500/WICL-B2 {"diff": -0.0044, "p": 0.684}
  diff/physionet/WICL-B4c {"diff": 0.0506, "p": 0.016}
  diff/physionet/B4c-B2 {"diff": -0.0313, "p": 0.18}
  diff/physionet/WICL-B2 {"diff": 0.0192, "p": 0.336}

## CNX seed 0
  rsna/B2 {"auroc": 0.9637, "sens": 0.9354, "spec": 0.8791, "ece": 0.088, "sub_auroc": {"epidural": 0.857, "intraparenchymal": 0.9538, "intraventricular": 0.965, "subarachnoid": 0.9186, "subdural": 0.927}, "edh_detected": "11/40"}
  rsna/B4c {"auroc": 0.959, "sens": 0.9278, "spec": 0.8434, "ece": 0.1091, "sub_auroc": {"epidural": 0.878, "intraparenchymal": 0.9432, "intraventricular": 0.9628, "subarachnoid": 0.9111, "subdural": 0.9226}, "edh_detected": "13/40"}
  rsna/WICL {"auroc": 0.9657, "sens": 0.9322, "spec": 0.8949, "ece": 0.0776, "sub_auroc": {"epidural": 0.8822, "intraparenchymal": 0.9533, "intraventricular": 0.9701, "subarachnoid": 0.915, "subdural": 0.9322}, "edh_detected": "13/40"}
  cq500/B2 {"auroc": 0.9077, "sens": 0.8832, "spec": 0.75, "ece": 0.1771, "sub_auroc": {"epidural": 0.9362, "intraparenchymal": 0.8945, "intraventricular": 0.9815, "subarachnoid": 0.9232, "subdural": 0.8855}, "edh_detected": "6/12"}
  cq500/B4c {"auroc": 0.9129, "sens": 0.8832, "spec": 0.7645, "ece": 0.1715, "sub_auroc": {"epidural": 0.8523, "intraparenchymal": 0.8933, "intraventricular": 0.986, "subarachnoid": 0.9522, "subdural": 0.8986}, "edh_detected": "5/12"}
  cq500/WICL {"auroc": 0.9096, "sens": 0.8173, "spec": 0.8043, "ece": 0.1669, "sub_auroc": {"epidural": 0.9013, "intraparenchymal": 0.9188, "intraventricular": 0.9862, "subarachnoid": 0.9405, "subdural": 0.9001}, "edh_detected": "4/12"}
  physionet/B2 {"auroc": 0.8718, "sens": 0.9444, "spec": 0.359, "ece": 0.3646, "sub_auroc": {"epidural": 0.8201, "intraparenchymal": 0.8008, "intraventricular": 0.9886, "subarachnoid": 0.7941, "subdural": 0.8873}, "edh_detected": "5/21"}
  physionet/B4c {"auroc": 0.906, "sens": 0.8889, "spec": 0.5641, "ece": 0.2517, "sub_auroc": {"epidural": 0.7549, "intraparenchymal": 0.8877, "intraventricular": 0.9886, "subarachnoid": 0.8319, "subdural": 0.8697}, "edh_detected": "5/21"}
  physionet/WICL {"auroc": 0.933, "sens": 0.9167, "spec": 0.7179, "ece": 0.1462, "sub_auroc": {"epidural": 0.7707, "intraparenchymal": 0.8506, "intraventricular": 0.9743, "subarachnoid": 0.8424, "subdural": 0.9155}, "edh_detected": "5/21"}
  delta/cq500/B2 {"h1_diff_subtype_minus_pooled": -0.0597, "h1_p": 0.0, "d_spec": -0.1291, "d_spec_p": 0.0, "d_sens": -0.0522, "d_sens_p": 0.028}
  delta/cq500/B4c {"h1_diff_subtype_minus_pooled": -0.0402, "h1_p": 0.028, "d_spec": -0.0789, "d_spec_p": 0.002, "d_sens": -0.0445, "d_sens_p": 0.054}
  delta/cq500/WICL {"h1_diff_subtype_minus_pooled": -0.0572, "h1_p": 0.0, "d_spec": -0.0906, "d_spec_p": 0.0, "d_sens": -0.1149, "d_sens_p": 0.0}
  delta/physionet/B2 {"h1_diff_subtype_minus_pooled": -0.0239, "h1_p": 0.624, "d_spec": -0.5201, "d_spec_p": 0.0, "d_sens": 0.009, "d_sens_p": 0.702}
  delta/physionet/B4c {"h1_diff_subtype_minus_pooled": 0.0081, "h1_p": 0.846, "d_spec": -0.2793, "d_spec_p": 0.0, "d_sens": -0.0389, "d_sens_p": 0.474}
  delta/physionet/WICL {"h1_diff_subtype_minus_pooled": 0.0316, "h1_p": 0.316, "d_spec": -0.177, "d_spec_p": 0.008, "d_sens": -0.0155, "d_sens_p": 0.818}
  diff/rsna/WICL-B4c {"diff": 0.0067, "p": 0.016}
  diff/rsna/B4c-B2 {"diff": -0.0048, "p": 0.122}
  diff/rsna/WICL-B2 {"diff": 0.0019, "p": 0.394}
  diff/cq500/WICL-B4c {"diff": -0.0033, "p": 0.818}
  diff/cq500/B4c-B2 {"diff": 0.0052, "p": 0.726}
  diff/cq500/WICL-B2 {"diff": 0.0019, "p": 0.89}
  diff/physionet/WICL-B4c {"diff": 0.0271, "p": 0.306}
  diff/physionet/B4c-B2 {"diff": 0.0342, "p": 0.284}
  diff/physionet/WICL-B2 {"diff": 0.0613, "p": 0.076}
  h4 {"baseline2": 0.328, "b4c": 0.1611, "wicl": 0.143}
  h4_p {"baseline2_vs_b4c": 0.0, "baseline2_vs_wicl": 0.0, "b4c_vs_wicl": 0.314}

## CNX seed 1
  rsna/B2 {"auroc": 0.9682, "sens": 0.9354, "spec": 0.8922, "ece": 0.0814, "sub_auroc": {"epidural": 0.8961, "intraparenchymal": 0.9491, "intraventricular": 0.9691, "subarachnoid": 0.9227, "subdural": 0.9313}, "edh_detected": "15/40"}
  rsna/B4c {"auroc": 0.9628, "sens": 0.9223, "spec": 0.886, "ece": 0.0869, "sub_auroc": {"epidural": 0.9004, "intraparenchymal": 0.9506, "intraventricular": 0.9721, "subarachnoid": 0.9147, "subdural": 0.9252}, "edh_detected": "19/40"}
  rsna/WICL {"auroc": 0.9658, "sens": 0.9267, "spec": 0.8798, "ece": 0.084, "sub_auroc": {"epidural": 0.843, "intraparenchymal": 0.9547, "intraventricular": 0.9695, "subarachnoid": 0.9145, "subdural": 0.9306}, "edh_detected": "14/40"}
  cq500/B2 {"auroc": 0.9059, "sens": 0.8426, "spec": 0.8116, "ece": 0.1584, "sub_auroc": {"epidural": 0.8071, "intraparenchymal": 0.8827, "intraventricular": 0.9831, "subarachnoid": 0.9539, "subdural": 0.8751}, "edh_detected": "4/12"}
  cq500/B4c {"auroc": 0.8974, "sens": 0.8426, "spec": 0.7862, "ece": 0.1672, "sub_auroc": {"epidural": 0.8865, "intraparenchymal": 0.8931, "intraventricular": 0.9819, "subarachnoid": 0.9228, "subdural": 0.8789}, "edh_detected": "4/12"}
  cq500/WICL {"auroc": 0.9145, "sens": 0.8629, "spec": 0.7717, "ece": 0.1582, "sub_auroc": {"epidural": 0.9082, "intraparenchymal": 0.9068, "intraventricular": 0.9746, "subarachnoid": 0.9381, "subdural": 0.8697}, "edh_detected": "4/12"}
  physionet/B2 {"auroc": 0.896, "sens": 0.9722, "spec": 0.4615, "ece": 0.2826, "sub_auroc": {"epidural": 0.858, "intraparenchymal": 0.8358, "intraventricular": 0.9686, "subarachnoid": 0.8382, "subdural": 0.8732}, "edh_detected": "3/21"}
  physionet/B4c {"auroc": 0.9095, "sens": 0.8889, "spec": 0.6667, "ece": 0.1796, "sub_auroc": {"epidural": 0.7945, "intraparenchymal": 0.8766, "intraventricular": 0.9771, "subarachnoid": 0.7605, "subdural": 0.8944}, "edh_detected": "3/21"}
  physionet/WICL {"auroc": 0.916, "sens": 0.8889, "spec": 0.641, "ece": 0.2152, "sub_auroc": {"epidural": 0.7566, "intraparenchymal": 0.8951, "intraventricular": 0.9886, "subarachnoid": 0.8256, "subdural": 0.8662}, "edh_detected": "4/21"}
  delta/cq500/B2 {"h1_diff_subtype_minus_pooled": -0.0281, "h1_p": 0.1, "d_spec": -0.0806, "d_spec_p": 0.0, "d_sens": -0.0928, "d_sens_p": 0.002}
  delta/cq500/B4c {"h1_diff_subtype_minus_pooled": -0.0465, "h1_p": 0.002, "d_spec": -0.0998, "d_spec_p": 0.0, "d_sens": -0.0797, "d_sens_p": 0.0}
  delta/cq500/WICL {"h1_diff_subtype_minus_pooled": -0.0517, "h1_p": 0.0, "d_spec": -0.1081, "d_spec_p": 0.0, "d_sens": -0.0638, "d_sens_p": 0.01}
  delta/physionet/B2 {"h1_diff_subtype_minus_pooled": -0.0113, "h1_p": 0.752, "d_spec": -0.4306, "d_spec_p": 0.0, "d_sens": 0.0368, "d_sens_p": 0.21}
  delta/physionet/B4c {"h1_diff_subtype_minus_pooled": 0.0231, "h1_p": 0.5, "d_spec": -0.2193, "d_spec_p": 0.002, "d_sens": -0.0334, "d_sens_p": 0.544}
  delta/physionet/WICL {"h1_diff_subtype_minus_pooled": 0.0107, "h1_p": 0.774, "d_spec": -0.2388, "d_spec_p": 0.002, "d_sens": -0.0378, "d_sens_p": 0.524}
  diff/rsna/WICL-B4c {"diff": 0.0029, "p": 0.176}
  diff/rsna/B4c-B2 {"diff": -0.0054, "p": 0.03}
  diff/rsna/WICL-B2 {"diff": -0.0025, "p": 0.348}
  diff/cq500/WICL-B4c {"diff": 0.017, "p": 0.032}
  diff/cq500/B4c-B2 {"diff": -0.0084, "p": 0.432}
  diff/cq500/WICL-B2 {"diff": 0.0086, "p": 0.406}
  diff/physionet/WICL-B4c {"diff": 0.0064, "p": 0.84}
  diff/physionet/B4c-B2 {"diff": 0.0135, "p": 0.708}
  diff/physionet/WICL-B2 {"diff": 0.0199, "p": 0.496}
  h4 {"baseline2": 0.3899, "b4c": 0.166, "wicl": 0.0732}
  h4_p {"baseline2_vs_b4c": 0.0, "baseline2_vs_wicl": 0.0, "b4c_vs_wicl": 0.0}

## CNX seed 2
  rsna/B2 {"auroc": 0.9643, "sens": 0.9322, "spec": 0.8606, "ece": 0.0993, "sub_auroc": {"epidural": 0.8984, "intraparenchymal": 0.9551, "intraventricular": 0.9637, "subarachnoid": 0.921, "subdural": 0.9251}, "edh_detected": "8/40"}
  rsna/B4c {"auroc": 0.963, "sens": 0.9376, "spec": 0.8592, "ece": 0.101, "sub_auroc": {"epidural": 0.8815, "intraparenchymal": 0.9491, "intraventricular": 0.9658, "subarachnoid": 0.9204, "subdural": 0.9279}, "edh_detected": "13/40"}
  rsna/WICL {"auroc": 0.9639, "sens": 0.9179, "spec": 0.91, "ece": 0.0734, "sub_auroc": {"epidural": 0.8748, "intraparenchymal": 0.9516, "intraventricular": 0.9682, "subarachnoid": 0.924, "subdural": 0.9301}, "edh_detected": "15/40"}
  cq500/B2 {"auroc": 0.9171, "sens": 0.8579, "spec": 0.8043, "ece": 0.1578, "sub_auroc": {"epidural": 0.9026, "intraparenchymal": 0.896, "intraventricular": 0.9877, "subarachnoid": 0.938, "subdural": 0.8731}, "edh_detected": "3/12"}
  cq500/B4c {"auroc": 0.9087, "sens": 0.8528, "spec": 0.7609, "ece": 0.189, "sub_auroc": {"epidural": 0.9516, "intraparenchymal": 0.8885, "intraventricular": 0.9774, "subarachnoid": 0.9453, "subdural": 0.8708}, "edh_detected": "6/12"}
  cq500/WICL {"auroc": 0.9273, "sens": 0.8579, "spec": 0.8514, "ece": 0.1379, "sub_auroc": {"epidural": 0.8935, "intraparenchymal": 0.9053, "intraventricular": 0.9856, "subarachnoid": 0.9505, "subdural": 0.89}, "edh_detected": "5/12"}
  physionet/B2 {"auroc": 0.9516, "sens": 1.0, "spec": 0.4103, "ece": 0.2871, "sub_auroc": {"epidural": 0.8104, "intraparenchymal": 0.8379, "intraventricular": 0.9657, "subarachnoid": 0.8088, "subdural": 0.7746}, "edh_detected": "3/21"}
  physionet/B4c {"auroc": 0.8661, "sens": 0.7778, "spec": 0.6923, "ece": 0.1994, "sub_auroc": {"epidural": 0.791, "intraparenchymal": 0.8379, "intraventricular": 0.9971, "subarachnoid": 0.8424, "subdural": 0.8486}, "edh_detected": "6/21"}
  physionet/WICL {"auroc": 0.933, "sens": 0.8611, "spec": 0.7949, "ece": 0.1339, "sub_auroc": {"epidural": 0.828, "intraparenchymal": 0.8612, "intraventricular": 0.9943, "subarachnoid": 0.9013, "subdural": 0.8134}, "edh_detected": "6/21"}
  delta/cq500/B2 {"h1_diff_subtype_minus_pooled": -0.035, "h1_p": 0.018, "d_spec": -0.0562, "d_spec_p": 0.026, "d_sens": -0.0743, "d_sens_p": 0.004}
  delta/cq500/B4c {"h1_diff_subtype_minus_pooled": -0.0549, "h1_p": 0.0, "d_spec": -0.0983, "d_spec_p": 0.0, "d_sens": -0.0848, "d_sens_p": 0.0}
  delta/cq500/WICL {"h1_diff_subtype_minus_pooled": -0.0331, "h1_p": 0.07, "d_spec": -0.0586, "d_spec_p": 0.008, "d_sens": -0.0601, "d_sens_p": 0.018}
  delta/physionet/B2 {"h1_diff_subtype_minus_pooled": 0.0874, "h1_p": 0.058, "d_spec": -0.4503, "d_spec_p": 0.0, "d_sens": 0.0678, "d_sens_p": 0.0}
  delta/physionet/B4c {"h1_diff_subtype_minus_pooled": -0.0291, "h1_p": 0.47, "d_spec": -0.1669, "d_spec_p": 0.018, "d_sens": -0.1599, "d_sens_p": 0.01}
  delta/physionet/WICL {"h1_diff_subtype_minus_pooled": 0.0224, "h1_p": 0.684, "d_spec": -0.1152, "d_spec_p": 0.062, "d_sens": -0.0568, "d_sens_p": 0.336}
  diff/rsna/WICL-B4c {"diff": 0.0009, "p": 0.736}
  diff/rsna/B4c-B2 {"diff": -0.0013, "p": 0.604}
  diff/rsna/WICL-B2 {"diff": -0.0004, "p": 0.834}
  diff/cq500/WICL-B4c {"diff": 0.0186, "p": 0.022}
  diff/cq500/B4c-B2 {"diff": -0.0083, "p": 0.34}
  diff/cq500/WICL-B2 {"diff": 0.0103, "p": 0.262}
  diff/physionet/WICL-B4c {"diff": 0.067, "p": 0.066}
  diff/physionet/B4c-B2 {"diff": -0.0855, "p": 0.018}
  diff/physionet/WICL-B2 {"diff": -0.0185, "p": 0.422}
  h4 {"baseline2": 0.3539, "b4c": 0.1209, "wicl": 0.0908}
  h4_p {"baseline2_vs_b4c": 0.0, "baseline2_vs_wicl": 0.0, "b4c_vs_wicl": 0.024}

## BIG seed 0
  rsna/B2 {"auroc": 0.9742, "sens": 0.956, "spec": 0.8757, "ece": 0.0845, "sub_auroc": {"epidural": 0.9091, "intraparenchymal": 0.9616, "intraventricular": 0.9852, "subarachnoid": 0.9383, "subdural": 0.9562}, "edh_detected": "33/67"}
  rsna/B4c {"auroc": 0.9748, "sens": 0.956, "spec": 0.8734, "ece": 0.0824, "sub_auroc": {"epidural": 0.9122, "intraparenchymal": 0.9629, "intraventricular": 0.9822, "subarachnoid": 0.9355, "subdural": 0.9525}, "edh_detected": "34/67"}
  rsna/WICL {"auroc": 0.9747, "sens": 0.9607, "spec": 0.8725, "ece": 0.0886, "sub_auroc": {"epidural": 0.9147, "intraparenchymal": 0.9641, "intraventricular": 0.9838, "subarachnoid": 0.9375, "subdural": 0.9537}, "edh_detected": "33/67"}
  cq500/B2 {"auroc": 0.9216, "sens": 0.8985, "spec": 0.75, "ece": 0.1689, "sub_auroc": {"epidural": 0.9738, "intraparenchymal": 0.9069, "intraventricular": 0.9782, "subarachnoid": 0.9609, "subdural": 0.8917}, "edh_detected": "6/12"}
  cq500/B4c {"auroc": 0.9448, "sens": 0.9492, "spec": 0.7391, "ece": 0.162, "sub_auroc": {"epidural": 0.8709, "intraparenchymal": 0.9175, "intraventricular": 0.9855, "subarachnoid": 0.9698, "subdural": 0.9384}, "edh_detected": "4/12"}
  cq500/WICL {"auroc": 0.9414, "sens": 0.9442, "spec": 0.6703, "ece": 0.1832, "sub_auroc": {"epidural": 0.8964, "intraparenchymal": 0.9313, "intraventricular": 0.9903, "subarachnoid": 0.9576, "subdural": 0.9117}, "edh_detected": "7/12"}
  physionet/B2 {"auroc": 0.9387, "sens": 0.9722, "spec": 0.5128, "ece": 0.2989, "sub_auroc": {"epidural": 0.8016, "intraparenchymal": 0.8178, "intraventricular": 0.98, "subarachnoid": 0.834, "subdural": 0.9366}, "edh_detected": "6/21"}
  physionet/B4c {"auroc": 0.9416, "sens": 0.9167, "spec": 0.7179, "ece": 0.196, "sub_auroc": {"epidural": 0.8677, "intraparenchymal": 0.8697, "intraventricular": 0.9771, "subarachnoid": 0.7941, "subdural": 0.9155}, "edh_detected": "6/21"}
  physionet/WICL {"auroc": 0.9615, "sens": 0.9167, "spec": 0.641, "ece": 0.1789, "sub_auroc": {"epidural": 0.8818, "intraparenchymal": 0.9269, "intraventricular": 0.98, "subarachnoid": 0.813, "subdural": 0.919}, "edh_detected": "7/21"}
  delta/cq500/B2 {"h1_diff_subtype_minus_pooled": -0.0468, "h1_p": 0.0, "d_spec": -0.1257, "d_spec_p": 0.0, "d_sens": -0.0575, "d_sens_p": 0.012}
  delta/cq500/B4c {"h1_diff_subtype_minus_pooled": -0.0173, "h1_p": 0.296, "d_spec": -0.1343, "d_spec_p": 0.0, "d_sens": -0.0067, "d_sens_p": 0.692}
  delta/cq500/WICL {"h1_diff_subtype_minus_pooled": -0.0202, "h1_p": 0.244, "d_spec": -0.2023, "d_spec_p": 0.0, "d_sens": -0.0165, "d_sens_p": 0.346}
  delta/physionet/B2 {"h1_diff_subtype_minus_pooled": 0.0445, "h1_p": 0.164, "d_spec": -0.3628, "d_spec_p": 0.0, "d_sens": 0.0163, "d_sens_p": 0.49}
  delta/physionet/B4c {"h1_diff_subtype_minus_pooled": 0.0341, "h1_p": 0.336, "d_spec": -0.1555, "d_spec_p": 0.028, "d_sens": -0.0393, "d_sens_p": 0.388}
  delta/physionet/WICL {"h1_diff_subtype_minus_pooled": 0.036, "h1_p": 0.246, "d_spec": -0.2315, "d_spec_p": 0.0, "d_sens": -0.044, "d_sens_p": 0.38}
  diff/rsna/WICL-B4c {"diff": -0.0001, "p": 0.996}
  diff/rsna/B4c-B2 {"diff": 0.0006, "p": 0.696}
  diff/rsna/WICL-B2 {"diff": 0.0005, "p": 0.754}
  diff/cq500/WICL-B4c {"diff": -0.0034, "p": 0.652}
  diff/cq500/B4c-B2 {"diff": 0.0232, "p": 0.03}
  diff/cq500/WICL-B2 {"diff": 0.0198, "p": 0.042}
  diff/physionet/WICL-B4c {"diff": 0.0199, "p": 0.37}
  diff/physionet/B4c-B2 {"diff": 0.0028, "p": 0.86}
  diff/physionet/WICL-B2 {"diff": 0.0228, "p": 0.298}

## harmonization
  B2_seed0 {"n_thin_studies": 80, "n_thin_negative": 49, "original": {"auroc": 0.9054, "sens": 0.9086, "spec": 0.692, "spec_thin": 0.2857, "sens_thin": 1.0, "slice_fp_pct_thin_neg": 2.69}, "harmonized": {"auroc": 0.9129, "sens": 0.8985, "spec": 0.7717, "spec_thin": 0.7347, "sens_thin": 0.9355, "slice_fp_pct_thin_neg": 1.349}, "paired": {"d_auroc": 0.0075, "p_auroc": 0.178, "d_spec": 0.0797, "p_spec": 0.0, "d_sens": -0.0101, "p_sens": 0.238}}
  B4c_seed0 {"n_thin_studies": 80, "n_thin_negative": 49, "original": {"auroc": 0.9134, "sens": 0.8934, "spec": 0.7101, "spec_thin": 0.3878, "sens_thin": 1.0, "slice_fp_pct_thin_neg": 3.551}, "harmonized": {"auroc": 0.9229, "sens": 0.8832, "spec": 0.7609, "spec_thin": 0.6735, "sens_thin": 0.9355, "slice_fp_pct_thin_neg": 2.348}, "paired": {"d_auroc": 0.0095, "p_auroc": 0.016, "d_spec": 0.0508, "p_spec": 0.0, "d_sens": -0.0102, "p_sens": 0.238}}
  WICL_seed0 {"n_thin_studies": 80, "n_thin_negative": 49, "original": {"auroc": 0.9022, "sens": 0.868, "spec": 0.6993, "spec_thin": 0.3673, "sens_thin": 0.9677, "slice_fp_pct_thin_neg": 3.676}, "harmonized": {"auroc": 0.9098, "sens": 0.868, "spec": 0.75, "spec_thin": 0.6531, "sens_thin": 0.9677, "slice_fp_pct_thin_neg": 2.997}, "paired": {"d_auroc": 0.0076, "p_auroc": 0.0, "d_spec": 0.0507, "p_spec": 0.0, "d_sens": 0.0, "p_sens": 1.0}}
  B2_seed1 {"n_thin_studies": 80, "n_thin_negative": 49, "original": {"auroc": 0.9014, "sens": 0.8782, "spec": 0.779, "spec_thin": 0.449, "sens_thin": 1.0, "slice_fp_pct_thin_neg": 1.595}, "harmonized": {"auroc": 0.9155, "sens": 0.868, "spec": 0.8514, "spec_thin": 0.8571, "sens_thin": 0.9355, "slice_fp_pct_thin_neg": 0.699}, "paired": {"d_auroc": 0.0141, "p_auroc": 0.0, "d_spec": 0.0724, "p_spec": 0.0, "d_sens": -0.0102, "p_sens": 0.238}}
  B4c_seed1 {"n_thin_studies": 80, "n_thin_negative": 49, "original": {"auroc": 0.9107, "sens": 0.8782, "spec": 0.7428, "spec_thin": 0.4694, "sens_thin": 0.9677, "slice_fp_pct_thin_neg": 2.127}, "harmonized": {"auroc": 0.9178, "sens": 0.8731, "spec": 0.7862, "spec_thin": 0.7143, "sens_thin": 0.9355, "slice_fp_pct_thin_neg": 1.748}, "paired": {"d_auroc": 0.0071, "p_auroc": 0.012, "d_spec": 0.0434, "p_spec": 0.002, "d_sens": -0.0051, "p_sens": 0.754}}
  WICL_seed1 {"n_thin_studies": 80, "n_thin_negative": 49, "original": {"auroc": 0.9008, "sens": 0.8426, "spec": 0.8116, "spec_thin": 0.5714, "sens_thin": 0.9677, "slice_fp_pct_thin_neg": 1.955}, "harmonized": {"auroc": 0.9067, "sens": 0.8376, "spec": 0.837, "spec_thin": 0.7143, "sens_thin": 0.9355, "slice_fp_pct_thin_neg": 1.898}, "paired": {"d_auroc": 0.0059, "p_auroc": 0.082, "d_spec": 0.0254, "p_spec": 0.0, "d_sens": -0.005, "p_sens": 0.754}}
  B2_seed2 {"n_thin_studies": 80, "n_thin_negative": 49, "original": {"auroc": 0.9089, "sens": 0.8934, "spec": 0.7029, "spec_thin": 0.2449, "sens_thin": 0.9677, "slice_fp_pct_thin_neg": 2.409}, "harmonized": {"auroc": 0.9171, "sens": 0.8883, "spec": 0.7826, "spec_thin": 0.6939, "sens_thin": 0.9355, "slice_fp_pct_thin_neg": 1.499}, "paired": {"d_auroc": 0.0082, "p_auroc": 0.08, "d_spec": 0.0797, "p_spec": 0.0, "d_sens": -0.0051, "p_sens": 0.754}}
  B4c_seed2 {"n_thin_studies": 80, "n_thin_negative": 49, "original": {"auroc": 0.9024, "sens": 0.8985, "spec": 0.721, "spec_thin": 0.3265, "sens_thin": 1.0, "slice_fp_pct_thin_neg": 2.956}, "harmonized": {"auroc": 0.9123, "sens": 0.8883, "spec": 0.7717, "spec_thin": 0.6122, "sens_thin": 0.9355, "slice_fp_pct_thin_neg": 1.948}, "paired": {"d_auroc": 0.0099, "p_auroc": 0.0, "d_spec": 0.0507, "p_spec": 0.0, "d_sens": -0.0102, "p_sens": 0.238}}
  WICL_seed2 {"n_thin_studies": 80, "n_thin_negative": 49, "original": {"auroc": 0.9045, "sens": 0.8782, "spec": 0.7391, "spec_thin": 0.449, "sens_thin": 1.0, "slice_fp_pct_thin_neg": 3.316}, "harmonized": {"auroc": 0.9103, "sens": 0.8731, "spec": 0.7536, "spec_thin": 0.5306, "sens_thin": 0.9677, "slice_fp_pct_thin_neg": 2.797}, "paired": {"d_auroc": 0.0058, "p_auroc": 0.028, "d_spec": 0.0145, "p_spec": 0.274, "d_sens": -0.0051, "p_sens": 0.732}}
  CNX_B2_seed0 {"n_thin_studies": 80, "n_thin_negative": 49, "original": {"auroc": 0.9077, "sens": 0.8832, "spec": 0.75, "spec_thin": 0.449, "sens_thin": 1.0, "slice_fp_pct_thin_neg": 1.924}, "harmonized": {"auroc": 0.9197, "sens": 0.8731, "spec": 0.7862, "spec_thin": 0.6531, "sens_thin": 0.9355, "slice_fp_pct_thin_neg": 1.449}, "paired": {"d_auroc": 0.012, "p_auroc": 0.002, "d_spec": 0.0362, "p_spec": 0.012, "d_sens": -0.0101, "p_sens": 0.238}}
  CNX_B4c_seed0 {"n_thin_studies": 80, "n_thin_negative": 49, "original": {"auroc": 0.9129, "sens": 0.8832, "spec": 0.7645, "spec_thin": 0.449, "sens_thin": 0.9677, "slice_fp_pct_thin_neg": 1.924}, "harmonized": {"auroc": 0.923, "sens": 0.8832, "spec": 0.8043, "spec_thin": 0.6735, "sens_thin": 0.9677, "slice_fp_pct_thin_neg": 1.948}, "paired": {"d_auroc": 0.0101, "p_auroc": 0.004, "d_spec": 0.0398, "p_spec": 0.002, "d_sens": 0.0, "p_sens": 1.0}}
  CNX_WICL_seed0 {"n_thin_studies": 80, "n_thin_negative": 49, "original": {"auroc": 0.9096, "sens": 0.8173, "spec": 0.8043, "spec_thin": 0.449, "sens_thin": 0.9677, "slice_fp_pct_thin_neg": 1.83}, "harmonized": {"auroc": 0.9173, "sens": 0.8173, "spec": 0.8514, "spec_thin": 0.7143, "sens_thin": 0.9677, "slice_fp_pct_thin_neg": 1.998}, "paired": {"d_auroc": 0.0077, "p_auroc": 0.048, "d_spec": 0.0471, "p_spec": 0.0, "d_sens": 0.0, "p_sens": 1.0}}
  CNX_B2_seed1 {"n_thin_studies": 80, "n_thin_negative": 49, "original": {"auroc": 0.9059, "sens": 0.8426, "spec": 0.8116, "spec_thin": 0.4898, "sens_thin": 0.9677, "slice_fp_pct_thin_neg": 1.689}, "harmonized": {"auroc": 0.9142, "sens": 0.8426, "spec": 0.8587, "spec_thin": 0.7551, "sens_thin": 0.9677, "slice_fp_pct_thin_neg": 1.399}, "paired": {"d_auroc": 0.0083, "p_auroc": 0.09, "d_spec": 0.0471, "p_spec": 0.0, "d_sens": 0.0, "p_sens": 1.0}}
  CNX_B4c_seed1 {"n_thin_studies": 80, "n_thin_negative": 49, "original": {"auroc": 0.8974, "sens": 0.8426, "spec": 0.7862, "spec_thin": 0.4694, "sens_thin": 0.9677, "slice_fp_pct_thin_neg": 2.628}, "harmonized": {"auroc": 0.9046, "sens": 0.8426, "spec": 0.8188, "spec_thin": 0.6531, "sens_thin": 0.9677, "slice_fp_pct_thin_neg": 2.348}, "paired": {"d_auroc": 0.0072, "p_auroc": 0.004, "d_spec": 0.0326, "p_spec": 0.018, "d_sens": 0.0, "p_sens": 1.0}}
  CNX_WICL_seed1 {"n_thin_studies": 80, "n_thin_negative": 49, "original": {"auroc": 0.9145, "sens": 0.8629, "spec": 0.7717, "spec_thin": 0.4694, "sens_thin": 0.9677, "slice_fp_pct_thin_neg": 2.002}, "harmonized": {"auroc": 0.9192, "sens": 0.8629, "spec": 0.7899, "spec_thin": 0.5714, "sens_thin": 0.9677, "slice_fp_pct_thin_neg": 2.797}, "paired": {"d_auroc": 0.0047, "p_auroc": 0.122, "d_spec": 0.0182, "p_spec": 0.19, "d_sens": 0.0, "p_sens": 1.0}}
  CNX_B2_seed2 {"n_thin_studies": 80, "n_thin_negative": 49, "original": {"auroc": 0.9171, "sens": 0.8579, "spec": 0.8043, "spec_thin": 0.551, "sens_thin": 1.0, "slice_fp_pct_thin_neg": 1.908}, "harmonized": {"auroc": 0.9244, "sens": 0.8528, "spec": 0.8225, "spec_thin": 0.6531, "sens_thin": 0.9677, "slice_fp_pct_thin_neg": 1.698}, "paired": {"d_auroc": 0.0073, "p_auroc": 0.004, "d_spec": 0.0182, "p_spec": 0.066, "d_sens": -0.0051, "p_sens": 0.732}}
  CNX_B4c_seed2 {"n_thin_studies": 80, "n_thin_negative": 49, "original": {"auroc": 0.9087, "sens": 0.8528, "spec": 0.7609, "spec_thin": 0.3673, "sens_thin": 0.9677, "slice_fp_pct_thin_neg": 1.987}, "harmonized": {"auroc": 0.9159, "sens": 0.8528, "spec": 0.7971, "spec_thin": 0.5714, "sens_thin": 0.9677, "slice_fp_pct_thin_neg": 2.148}, "paired": {"d_auroc": 0.0072, "p_auroc": 0.024, "d_spec": 0.0362, "p_spec": 0.016, "d_sens": 0.0, "p_sens": 1.0}}
  CNX_WICL_seed2 {"n_thin_studies": 80, "n_thin_negative": 49, "original": {"auroc": 0.9273, "sens": 0.8579, "spec": 0.8514, "spec_thin": 0.5918, "sens_thin": 1.0, "slice_fp_pct_thin_neg": 1.533}, "harmonized": {"auroc": 0.9322, "sens": 0.8528, "spec": 0.8696, "spec_thin": 0.6939, "sens_thin": 0.9677, "slice_fp_pct_thin_neg": 1.798}, "paired": {"d_auroc": 0.0049, "p_auroc": 0.018, "d_spec": 0.0182, "p_spec": 0.094, "d_sens": -0.0051, "p_sens": 0.754}}
  BIG_B2_seed0 {"n_thin_studies": 80, "n_thin_negative": 49, "original": {"auroc": 0.9216, "sens": 0.8985, "spec": 0.75, "spec_thin": 0.3469, "sens_thin": 1.0, "slice_fp_pct_thin_neg": 1.549}, "harmonized": {"auroc": 0.9325, "sens": 0.8985, "spec": 0.8043, "spec_thin": 0.6531, "sens_thin": 1.0, "slice_fp_pct_thin_neg": 1.199}, "paired": {"d_auroc": 0.0109, "p_auroc": 0.0, "d_spec": 0.0543, "p_spec": 0.0, "d_sens": 0.0, "p_sens": 1.0}}
  BIG_B4c_seed0 {"n_thin_studies": 80, "n_thin_negative": 49, "original": {"auroc": 0.9448, "sens": 0.9492, "spec": 0.7391, "spec_thin": 0.4694, "sens_thin": 1.0, "slice_fp_pct_thin_neg": 2.065}, "harmonized": {"auroc": 0.9521, "sens": 0.9492, "spec": 0.7717, "spec_thin": 0.6531, "sens_thin": 1.0, "slice_fp_pct_thin_neg": 1.798}, "paired": {"d_auroc": 0.0073, "p_auroc": 0.008, "d_spec": 0.0326, "p_spec": 0.046, "d_sens": 0.0, "p_sens": 1.0}}
  BIG_WICL_seed0 {"n_thin_studies": 80, "n_thin_negative": 49, "original": {"auroc": 0.9414, "sens": 0.9442, "spec": 0.6703, "spec_thin": 0.3061, "sens_thin": 1.0, "slice_fp_pct_thin_neg": 2.988}, "harmonized": {"auroc": 0.9486, "sens": 0.9391, "spec": 0.7319, "spec_thin": 0.6531, "sens_thin": 0.9677, "slice_fp_pct_thin_neg": 1.998}, "paired": {"d_auroc": 0.0072, "p_auroc": 0.004, "d_spec": 0.0616, "p_spec": 0.0, "d_sens": -0.0051, "p_sens": 0.754}}
