
==================== aggregation: max ====================

##### seed 0  n={'rsna': 2370, 'cq500': 473, 'physionet': 75}
rsna      B2    AUROC 0.968 [0.9595, 0.9752]  sens 0.942 spec 0.855  ECE 0.089 [0.0792, 0.1019] prev 0.39 mean score 0.46  EDH 15/40 AUC 0.874
rsna      B4c   AUROC 0.965 [0.9562, 0.9721]  sens 0.952 spec 0.842  ECE 0.098 [0.0867, 0.1093] prev 0.39 mean score 0.47  EDH 9/40 AUC 0.889
rsna      WICL  AUROC 0.965 [0.9564, 0.9729]  sens 0.944 spec 0.855  ECE 0.091 [0.08, 0.1032] prev 0.39 mean score 0.46  EDH 4/40 AUC 0.866
cq500     B2    AUROC 0.905 [0.8737, 0.935]  sens 0.909 spec 0.692  ECE 0.187 [0.1564, 0.2244] prev 0.42 mean score 0.55  EDH 2/12 AUC 0.866
cq500     B4c   AUROC 0.913 [0.8863, 0.939]  sens 0.893 spec 0.710  ECE 0.165 [0.1376, 0.2032] prev 0.42 mean score 0.54  EDH 0/12 AUC 0.878
cq500     WICL  AUROC 0.902 [0.8714, 0.9294]  sens 0.868 spec 0.699  ECE 0.185 [0.1557, 0.2226] prev 0.42 mean score 0.54  EDH 0/12 AUC 0.852
physionet B2    AUROC 0.929 [0.8607, 0.9821]  sens 0.972 spec 0.308  ECE 0.341 [0.2467, 0.4383] prev 0.48 mean score 0.80  EDH 3/21 AUC 0.786
physionet B4c   AUROC 0.957 [0.9106, 0.9893]  sens 0.972 spec 0.615  ECE 0.186 [0.1239, 0.2685] prev 0.48 mean score 0.64  EDH 4/21 AUC 0.830
physionet WICL  AUROC 0.919 [0.854, 0.9694]  sens 0.944 spec 0.718  ECE 0.184 [0.1139, 0.2717] prev 0.48 mean score 0.61  EDH 0/21 AUC 0.779
H1 cq500     B2    pooled 0.064 [0.0327, 0.0972]  subtype 0.016 [-0.0112, 0.0429]  diff -0.049 [-0.0786, -0.0205] p=0.0
H1 cq500     B4c   pooled 0.053 [0.025, 0.082]  subtype 0.010 [-0.0204, 0.0423]  diff -0.043 [-0.0767, -0.0099] p=0.01
H1 cq500     WICL  pooled 0.065 [0.0358, 0.0972]  subtype 0.015 [-0.0123, 0.0426]  diff -0.050 [-0.0805, -0.0189] p=0.001
H1 physionet B2    pooled 0.040 [-0.0154, 0.1113]  subtype 0.054 [0.0021, 0.1123]  diff +0.014 [-0.0615, 0.0857] p=0.644
H1 physionet B4c   pooled 0.008 [-0.0281, 0.0568]  subtype 0.063 [-0.0088, 0.1568]  diff +0.056 [-0.0042, 0.1348] p=0.073
H1 physionet WICL  pooled 0.047 [-0.0052, 0.116]  subtype 0.089 [0.0095, 0.187]  diff +0.042 [-0.0343, 0.1308] p=0.293
OP cq500     B2    dSens -0.033 [-0.077, 0.0087]  dSpec -0.163 [-0.2205, -0.1065] p=0.0
OP cq500     B4c   dSens -0.059 [-0.1084, -0.0147]  dSpec -0.132 [-0.1887, -0.0761] p=0.0
OP cq500     WICL  dSens -0.076 [-0.1273, -0.0277]  dSpec -0.156 [-0.2116, -0.099] p=0.0
OP physionet B2    dSens +0.030 [-0.0357, 0.0702]  dSpec -0.547 [-0.6868, -0.3873] p=0.0
OP physionet B4c   dSens +0.020 [-0.0415, 0.0587]  dSpec -0.227 [-0.3856, -0.0677] p=0.0
OP physionet WICL  dSens +0.000 [-0.0828, 0.0626]  dSpec -0.137 [-0.2861, 0.0001] p=0.051
H2 rsna      WICL-B4c +0.0005 [-0.0052, 0.0056] p=0.858  WICL-B2 -0.0024 [-0.0074, 0.0026] p=0.357  B4c-B2 -0.0029 [-0.0076, 0.0019] p=0.21
H2 cq500     WICL-B4c -0.0112 [-0.0285, 0.0058] p=0.203  WICL-B2 -0.0032 [-0.0219, 0.0169] p=0.727  B4c-B2 +0.0080 [-0.0118, 0.0274] p=0.42
H2 physionet WICL-B4c -0.0377 [-0.0887, 0.0014] p=0.063  WICL-B2 -0.0100 [-0.067, 0.0479] p=0.695  B4c-B2 +0.0278 [-0.0145, 0.0775] p=0.214

##### seed 1  n={'rsna': 2370, 'cq500': 473, 'physionet': 75}
rsna      B2    AUROC 0.966 [0.9574, 0.9739]  sens 0.940 spec 0.884  ECE 0.075 [0.0657, 0.0866] prev 0.39 mean score 0.44  EDH 13/40 AUC 0.872
rsna      B4c   AUROC 0.962 [0.953, 0.9705]  sens 0.924 spec 0.877  ECE 0.079 [0.0683, 0.0898] prev 0.39 mean score 0.44  EDH 11/40 AUC 0.904
rsna      WICL  AUROC 0.966 [0.9574, 0.974]  sens 0.930 spec 0.913  ECE 0.061 [0.0529, 0.0729] prev 0.39 mean score 0.42  EDH 2/40 AUC 0.857
cq500     B2    AUROC 0.901 [0.8673, 0.931]  sens 0.878 spec 0.779  ECE 0.154 [0.1293, 0.1917] prev 0.42 mean score 0.50  EDH 2/12 AUC 0.881
cq500     B4c   AUROC 0.911 [0.882, 0.9353]  sens 0.878 spec 0.743  ECE 0.153 [0.1283, 0.1907] prev 0.42 mean score 0.52  EDH 2/12 AUC 0.868
cq500     WICL  AUROC 0.901 [0.8701, 0.9302]  sens 0.843 spec 0.812  ECE 0.131 [0.109, 0.169] prev 0.42 mean score 0.47  EDH 0/12 AUC 0.814
physionet B2    AUROC 0.923 [0.8561, 0.9707]  sens 1.000 spec 0.487  ECE 0.262 [0.1817, 0.3471] prev 0.48 mean score 0.74  EDH 1/21 AUC 0.780
physionet B4c   AUROC 0.892 [0.803, 0.9585]  sens 0.806 spec 0.795  ECE 0.150 [0.1078, 0.2485] prev 0.48 mean score 0.53  EDH 4/21 AUC 0.772
physionet WICL  AUROC 0.949 [0.8957, 0.9836]  sens 0.917 spec 0.744  ECE 0.132 [0.0844, 0.2119] prev 0.48 mean score 0.55  EDH 0/21 AUC 0.811
H1 cq500     B2    pooled 0.067 [0.0351, 0.1028]  subtype 0.016 [-0.0122, 0.0433]  diff -0.051 [-0.0854, -0.0208] p=0.0
H1 cq500     B4c   pooled 0.054 [0.0265, 0.0852]  subtype 0.024 [-0.0056, 0.0572]  diff -0.030 [-0.0624, 0.0046] p=0.086
H1 cq500     WICL  pooled 0.068 [0.0358, 0.1004]  subtype 0.028 [-0.0053, 0.0622]  diff -0.040 [-0.0754, -0.0026] p=0.039
H1 physionet B2    pooled 0.044 [-0.0046, 0.1117]  subtype 0.051 [-0.0047, 0.1162]  diff +0.007 [-0.0772, 0.083] p=0.885
H1 physionet B4c   pooled 0.073 [0.0018, 0.1666]  subtype 0.085 [0.0186, 0.1666]  diff +0.012 [-0.0794, 0.0936] p=0.808
H1 physionet WICL  pooled 0.018 [-0.0192, 0.0722]  subtype 0.073 [-0.004, 0.1635]  diff +0.055 [-0.0196, 0.1396] p=0.165
OP cq500     B2    dSens -0.062 [-0.1102, -0.0158]  dSpec -0.105 [-0.159, -0.056] p=0.0
OP cq500     B4c   dSens -0.046 [-0.0957, 0.0002]  dSpec -0.134 [-0.188, -0.0833] p=0.0
OP cq500     WICL  dSens -0.087 [-0.14, -0.0365]  dSpec -0.101 [-0.1537, -0.0554] p=0.0
OP physionet B2    dSens +0.060 [0.0452, 0.0761]  dSpec -0.397 [-0.547, -0.2361] p=0.0
OP physionet B4c   dSens -0.119 [-0.2585, 0.0058]  dSpec -0.082 [-0.2198, 0.0442] p=0.213
OP physionet WICL  dSens -0.013 [-0.1125, 0.0689]  dSpec -0.169 [-0.3138, -0.0336] p=0.01
H2 rsna      WICL-B4c +0.0038 [-0.0006, 0.0081] p=0.096  WICL-B2 +0.0001 [-0.0054, 0.0053] p=0.96  B4c-B2 -0.0037 [-0.0085, 0.0014] p=0.15
H2 cq500     WICL-B4c -0.0099 [-0.0288, 0.0092] p=0.314  WICL-B2 -0.0006 [-0.0224, 0.0212] p=0.957  B4c-B2 +0.0093 [-0.0119, 0.0308] p=0.434
H2 physionet WICL-B4c +0.0570 [0.0028, 0.1255] p=0.039  WICL-B2 +0.0256 [-0.0237, 0.0768] p=0.298  B4c-B2 -0.0313 [-0.0969, 0.025] p=0.281

##### seed 2  n={'rsna': 2370, 'cq500': 473, 'physionet': 75}
rsna      B2    AUROC 0.967 [0.959, 0.9747]  sens 0.954 spec 0.848  ECE 0.095 [0.0839, 0.1071] prev 0.39 mean score 0.47  EDH 14/40 AUC 0.873
rsna      B4c   AUROC 0.964 [0.955, 0.9717]  sens 0.939 spec 0.854  ECE 0.092 [0.0812, 0.1043] prev 0.39 mean score 0.46  EDH 8/40 AUC 0.889
rsna      WICL  AUROC 0.967 [0.959, 0.9743]  sens 0.945 spec 0.847  ECE 0.093 [0.0817, 0.1055] prev 0.39 mean score 0.47  EDH 2/40 AUC 0.858
cq500     B2    AUROC 0.909 [0.8792, 0.9359]  sens 0.893 spec 0.703  ECE 0.179 [0.1504, 0.2173] prev 0.42 mean score 0.55  EDH 2/12 AUC 0.818
cq500     B4c   AUROC 0.902 [0.8706, 0.9322]  sens 0.898 spec 0.721  ECE 0.174 [0.1442, 0.2095] prev 0.42 mean score 0.53  EDH 1/12 AUC 0.850
cq500     WICL  AUROC 0.904 [0.8735, 0.9337]  sens 0.878 spec 0.739  ECE 0.168 [0.1416, 0.2086] prev 0.42 mean score 0.53  EDH 0/12 AUC 0.771
physionet B2    AUROC 0.939 [0.8792, 0.9819]  sens 1.000 spec 0.385  ECE 0.320 [0.2318, 0.4135] prev 0.48 mean score 0.79  EDH 3/21 AUC 0.860
physionet B4c   AUROC 0.907 [0.828, 0.9656]  sens 0.944 spec 0.718  ECE 0.168 [0.1121, 0.2632] prev 0.48 mean score 0.61  EDH 1/21 AUC 0.788
physionet WICL  AUROC 0.958 [0.8974, 0.9986]  sens 0.944 spec 0.641  ECE 0.195 [0.1327, 0.278] prev 0.48 mean score 0.64  EDH 0/21 AUC 0.844
H1 cq500     B2    pooled 0.060 [0.0318, 0.0918]  subtype 0.029 [0.0007, 0.0583]  diff -0.031 [-0.0625, 0.0017] p=0.067
H1 cq500     B4c   pooled 0.064 [0.0315, 0.0965]  subtype 0.026 [-0.003, 0.0562]  diff -0.038 [-0.0741, -0.001] p=0.045
H1 cq500     WICL  pooled 0.065 [0.033, 0.0971]  subtype 0.039 [0.0031, 0.0771]  diff -0.026 [-0.0636, 0.0139] p=0.192
H1 physionet B2    pooled 0.030 [-0.0162, 0.0927]  subtype 0.061 [-0.0072, 0.1351]  diff +0.032 [-0.0317, 0.098] p=0.313
H1 physionet B4c   pooled 0.059 [-0.002, 0.1414]  subtype 0.072 [0.011, 0.1412]  diff +0.013 [-0.0512, 0.0809] p=0.709
H1 physionet WICL  pooled 0.009 [-0.0328, 0.0716]  subtype 0.073 [0.0005, 0.1565]  diff +0.064 [-0.0081, 0.143] p=0.09
OP cq500     B2    dSens -0.061 [-0.1031, -0.0181]  dSpec -0.145 [-0.2071, -0.0864] p=0.0
OP cq500     B4c   dSens -0.040 [-0.0861, 0.0026]  dSpec -0.133 [-0.1894, -0.0754] p=0.0
OP cq500     WICL  dSens -0.067 [-0.115, -0.0199]  dSpec -0.108 [-0.1685, -0.0532] p=0.0
OP physionet B2    dSens +0.046 [0.0334, 0.06]  dSpec -0.464 [-0.6041, -0.3078] p=0.0
OP physionet B4c   dSens +0.006 [-0.0824, 0.0685]  dSpec -0.136 [-0.2824, 0.004] p=0.056
OP physionet WICL  dSens -0.001 [-0.0885, 0.0615]  dSpec -0.206 [-0.3668, -0.0617] p=0.009
H2 rsna      WICL-B4c +0.0031 [-0.0014, 0.0077] p=0.178  WICL-B2 -0.0003 [-0.0052, 0.0046] p=0.927  B4c-B2 -0.0034 [-0.0088, 0.0017] p=0.183
H2 cq500     WICL-B4c +0.0021 [-0.015, 0.0189] p=0.821  WICL-B2 -0.0044 [-0.024, 0.0147] p=0.681  B4c-B2 -0.0065 [-0.0272, 0.0153] p=0.585
H2 physionet WICL-B4c +0.0506 [0.0057, 0.1053] p=0.02  WICL-B2 +0.0192 [-0.0242, 0.0654] p=0.398  B4c-B2 -0.0313 [-0.0867, 0.0117] p=0.169

H4: {"0": {"baseline2": 0.236, "b4c": 0.1476, "wicl": 0.0829, "pairwise_p": {"baseline2_vs_b4c": 0.0, "baseline2_vs_wicl": 0.0, "b4c_vs_wicl": 0.0}}, "1": {"baseline2": 0.2779, "b4c": 0.1449, "wicl": 0.0821, "pairwise_p": {"baseline2_vs_b4c": 0.0, "baseline2_vs_wicl": 0.0, "b4c_vs_wicl": 0.0}}, "2": {"baseline2": 0.2464, "b4c": 0.11, "wicl": 0.0872, "pairwise_p": {"baseline2_vs_b4c": 0.0, "baseline2_vs_wicl": 0.0, "b4c_vs_wicl": 0.136}}}

across seeds: {
 "rsna/B2/auroc_any": [
  0.967,
  0.0009
 ],
 "rsna/B2/spec@0.5": [
  0.8624,
  0.0189
 ],
 "rsna/B4c/auroc_any": [
  0.9636,
  0.0012
 ],
 "rsna/B4c/spec@0.5": [
  0.8576,
  0.0179
 ],
 "rsna/WICL/auroc_any": [
  0.9661,
  0.0009
 ],
 "rsna/WICL/spec@0.5": [
  0.8716,
  0.0359
 ],
 "rsna/WICL-B4c": {
  "per_seed": [
   0.0005,
   0.0038,
   0.0031
  ],
  "mean": 0.0025,
  "same_sign": true
 },
 "rsna/WICL-B2": {
  "per_seed": [
   -0.0024,
   0.0001,
   -0.0003
  ],
  "mean": -0.0009,
  "same_sign": false
 },
 "rsna/B4c-B2": {
  "per_seed": [
   -0.0029,
   -0.0037,
   -0.0034
  ],
  "mean": -0.0033,
  "same_sign": true
 },
 "cq500/B2/auroc_any": [
  0.9052,
  0.0038
 ],
 "cq500/B2/spec@0.5": [
  0.7246,
  0.0474
 ],
 "cq500/B4c/auroc_any": [
  0.9088,
  0.0057
 ],
 "cq500/B4c/spec@0.5": [
  0.7246,
  0.0167
 ],
 "cq500/WICL/auroc_any": [
  0.9025,
  0.0019
 ],
 "cq500/WICL/spec@0.5": [
  0.75,
  0.0569
 ],
 "cq500/WICL-B4c": {
  "per_seed": [
   -0.0112,
   -0.0099,
   0.0021
  ],
  "mean": -0.0063,
  "same_sign": false
 },
 "cq500/WICL-B2": {
  "per_seed": [
   -0.0032,
   -0.0006,
   -0.0044
  ],
  "mean": -0.0027,
  "same_sign": true
 },
 "cq500/B4c-B2": {
  "per_seed": [
   0.008,
   0.0093,
   -0.0065
  ],
  "mean": 0.0036,
  "same_sign": false
 },
 "physionet/B2/auroc_any": [
  0.9304,
  0.0078
 ],
 "physionet/B2/spec@0.5": [
  0.3932,
  0.0901
 ],
 "physionet/B4c/auroc_any": [
  0.9188,
  0.0343
 ],
 "physionet/B4c/spec@0.5": [
  0.7094,
  0.0901
 ],
 "physionet/WICL/auroc_any": [
  0.9421,
  0.0201
 ],
 "physionet/WICL/spec@0.5": [
  0.7008,
  0.0534
 ],
 "physionet/WICL-B4c": {
  "per_seed": [
   -0.0377,
   0.057,
   0.0506
  ],
  "mean": 0.0233,
  "same_sign": false
 },
 "physionet/WICL-B2": {
  "per_seed": [
   -0.01,
   0.0256,
   0.0192
  ],
  "mean": 0.0116,
  "same_sign": false
 },
 "physionet/B4c-B2": {
  "per_seed": [
   0.0278,
   -0.0313,
   -0.0313
  ],
  "mean": -0.0116,
  "same_sign": false
 }
}

==================== aggregation: top5mean ====================

##### seed 0  n={'rsna': 2370, 'cq500': 473, 'physionet': 75}
rsna      B2    AUROC 0.969 [0.9606, 0.976]  sens 0.872 spec 0.962  ECE 0.037 [0.0311, 0.0483] prev 0.39 mean score 0.37  EDH 3/40 AUC 0.879
rsna      B4c   AUROC 0.968 [0.9591, 0.9748]  sens 0.859 spec 0.964  ECE 0.035 [0.0302, 0.0474] prev 0.39 mean score 0.37  EDH 0/40 AUC 0.887
rsna      WICL  AUROC 0.967 [0.9585, 0.9747]  sens 0.862 spec 0.964  ECE 0.036 [0.0294, 0.0468] prev 0.39 mean score 0.37  EDH 1/40 AUC 0.867
cq500     B2    AUROC 0.898 [0.8654, 0.928]  sens 0.751 spec 0.895  ECE 0.091 [0.0776, 0.133] prev 0.42 mean score 0.40  EDH 1/12 AUC 0.870
cq500     B4c   AUROC 0.910 [0.8819, 0.9352]  sens 0.736 spec 0.924  ECE 0.088 [0.0698, 0.127] prev 0.42 mean score 0.39  EDH 0/12 AUC 0.881
cq500     WICL  AUROC 0.895 [0.8634, 0.923]  sens 0.756 spec 0.909  ECE 0.102 [0.0846, 0.1406] prev 0.42 mean score 0.40  EDH 0/12 AUC 0.843
physionet B2    AUROC 0.945 [0.8792, 0.9919]  sens 0.944 spec 0.744  ECE 0.155 [0.1157, 0.2334] prev 0.48 mean score 0.62  EDH 0/21 AUC 0.779
physionet B4c   AUROC 0.961 [0.9201, 0.9915]  sens 0.833 spec 0.923  ECE 0.080 [0.0641, 0.1552] prev 0.48 mean score 0.47  EDH 1/21 AUC 0.841
physionet WICL  AUROC 0.937 [0.8788, 0.9818]  sens 0.806 spec 0.897  ECE 0.104 [0.0783, 0.1877] prev 0.48 mean score 0.43  EDH 0/21 AUC 0.804
H1 cq500     B2    pooled 0.073 [0.0405, 0.1076]  subtype 0.021 [-0.0064, 0.0478]  diff -0.052 [-0.0818, -0.0235] p=0.0
H1 cq500     B4c   pooled 0.060 [0.0323, 0.0893]  subtype 0.011 [-0.0182, 0.0436]  diff -0.048 [-0.0816, -0.0146] p=0.01
H1 cq500     WICL  pooled 0.075 [0.0442, 0.1081]  subtype 0.021 [-0.0078, 0.0488]  diff -0.054 [-0.0854, -0.0225] p=0.0
H1 physionet B2    pooled 0.024 [-0.0259, 0.0927]  subtype 0.050 [-0.006, 0.1137]  diff +0.025 [-0.0454, 0.1032] p=0.461
H1 physionet B4c   pooled 0.007 [-0.0264, 0.0503]  subtype 0.060 [-0.009, 0.1483]  diff +0.053 [-0.0036, 0.1259] p=0.073
H1 physionet WICL  pooled 0.032 [-0.0152, 0.0936]  subtype 0.078 [0.0019, 0.172]  diff +0.046 [-0.0253, 0.1364] p=0.198
OP cq500     B2    dSens -0.121 [-0.1831, -0.0591]  dSpec -0.067 [-0.1056, -0.0317] p=0.002
OP cq500     B4c   dSens -0.123 [-0.1864, -0.0607]  dSpec -0.040 [-0.0731, -0.0085] p=0.013
OP cq500     WICL  dSens -0.106 [-0.1722, -0.0422]  dSpec -0.055 [-0.0896, -0.0222] p=0.0
OP physionet B2    dSens +0.072 [-0.0125, 0.1383]  dSpec -0.219 [-0.3651, -0.0873] p=0.001
OP physionet B4c   dSens -0.025 [-0.1593, 0.0882]  dSpec -0.041 [-0.1381, 0.0364] p=0.382
OP physionet WICL  dSens -0.057 [-0.2016, 0.0671]  dSpec -0.067 [-0.1686, 0.014] p=0.154
H2 rsna      WICL-B4c -0.0006 [-0.0049, 0.0037] p=0.818  WICL-B2 -0.0018 [-0.0062, 0.0026] p=0.442  B4c-B2 -0.0012 [-0.0053, 0.0029] p=0.555
H2 cq500     WICL-B4c -0.0150 [-0.03, -0.0007] p=0.041  WICL-B2 -0.0036 [-0.0209, 0.0137] p=0.678  B4c-B2 +0.0114 [-0.0061, 0.0285] p=0.195
H2 physionet WICL-B4c -0.0242 [-0.0635, 0.0029] p=0.103  WICL-B2 -0.0085 [-0.0627, 0.04] p=0.72  B4c-B2 +0.0157 [-0.0271, 0.0596] p=0.502

##### seed 1  n={'rsna': 2370, 'cq500': 473, 'physionet': 75}
rsna      B2    AUROC 0.967 [0.9577, 0.9746]  sens 0.857 spec 0.971  ECE 0.040 [0.0326, 0.0507] prev 0.39 mean score 0.36  EDH 4/40 AUC 0.873
rsna      B4c   AUROC 0.964 [0.9549, 0.9719]  sens 0.848 spec 0.971  ECE 0.043 [0.0344, 0.0543] prev 0.39 mean score 0.36  EDH 2/40 AUC 0.902
rsna      WICL  AUROC 0.967 [0.9579, 0.9747]  sens 0.827 spec 0.975  ECE 0.049 [0.0411, 0.06] prev 0.39 mean score 0.34  EDH 1/40 AUC 0.865
cq500     B2    AUROC 0.898 [0.8641, 0.9271]  sens 0.726 spec 0.917  ECE 0.102 [0.0836, 0.138] prev 0.42 mean score 0.37  EDH 1/12 AUC 0.880
cq500     B4c   AUROC 0.906 [0.8753, 0.9307]  sens 0.701 spec 0.909  ECE 0.106 [0.0874, 0.1441] prev 0.42 mean score 0.37  EDH 1/12 AUC 0.861
cq500     WICL  AUROC 0.895 [0.8632, 0.9248]  sens 0.690 spec 0.931  ECE 0.124 [0.0997, 0.1581] prev 0.42 mean score 0.35  EDH 0/12 AUC 0.812
physionet B2    AUROC 0.936 [0.8778, 0.9791]  sens 0.833 spec 0.846  ECE 0.117 [0.0854, 0.1972] prev 0.48 mean score 0.52  EDH 0/21 AUC 0.822
physionet B4c   AUROC 0.916 [0.8386, 0.974]  sens 0.667 spec 1.000  ECE 0.108 [0.0749, 0.2018] prev 0.48 mean score 0.38  EDH 0/21 AUC 0.805
physionet WICL  AUROC 0.962 [0.9181, 0.9928]  sens 0.750 spec 0.974  ECE 0.104 [0.0768, 0.1849] prev 0.48 mean score 0.39  EDH 0/21 AUC 0.834
H1 cq500     B2    pooled 0.071 [0.0395, 0.1066]  subtype 0.018 [-0.0091, 0.0451]  diff -0.053 [-0.0873, -0.0234] p=0.0
H1 cq500     B4c   pooled 0.060 [0.0328, 0.0934]  subtype 0.027 [-0.0038, 0.0605]  diff -0.034 [-0.0671, 0.0016] p=0.067
H1 cq500     WICL  pooled 0.075 [0.0421, 0.109]  subtype 0.030 [-0.0043, 0.065]  diff -0.045 [-0.0801, -0.0065] p=0.023
H1 physionet B2    pooled 0.032 [-0.0133, 0.0909]  subtype 0.026 [-0.0274, 0.0927]  diff -0.005 [-0.0794, 0.069] p=0.861
H1 physionet B4c   pooled 0.050 [-0.0097, 0.1322]  subtype 0.077 [0.0089, 0.1586]  diff +0.027 [-0.0579, 0.1084] p=0.533
H1 physionet WICL  pooled 0.005 [-0.028, 0.051]  subtype 0.065 [-0.0102, 0.1545]  diff +0.060 [-0.0079, 0.1407] p=0.098
OP cq500     B2    dSens -0.131 [-0.1985, -0.0675]  dSpec -0.054 [-0.0898, -0.022] p=0.002
OP cq500     B4c   dSens -0.147 [-0.2141, -0.081]  dSpec -0.061 [-0.0968, -0.0276] p=0.001
OP cq500     WICL  dSens -0.137 [-0.205, -0.0692]  dSpec -0.044 [-0.0766, -0.0144] p=0.006
OP physionet B2    dSens -0.023 [-0.1498, 0.0953]  dSpec -0.125 [-0.2468, -0.0211] p=0.015
OP physionet B4c   dSens -0.181 [-0.3514, -0.0295]  dSpec +0.029 [0.0211, 0.0387] p=0.0
OP physionet WICL  dSens -0.077 [-0.2346, 0.0568]  dSpec -0.001 [-0.0574, 0.031] p=0.972
H2 rsna      WICL-B4c +0.0028 [-0.0012, 0.0066] p=0.174  WICL-B2 +0.0001 [-0.0049, 0.0049] p=0.999  B4c-B2 -0.0028 [-0.0072, 0.0017] p=0.217
H2 cq500     WICL-B4c -0.0110 [-0.028, 0.0065] p=0.236  WICL-B2 -0.0030 [-0.0231, 0.0176] p=0.777  B4c-B2 +0.0080 [-0.0102, 0.0272] p=0.442
H2 physionet WICL-B4c +0.0463 [-0.0036, 0.1069] p=0.064  WICL-B2 +0.0264 [-0.0139, 0.0757] p=0.226  B4c-B2 -0.0199 [-0.0729, 0.0235] p=0.385

##### seed 2  n={'rsna': 2370, 'cq500': 473, 'physionet': 75}
rsna      B2    AUROC 0.970 [0.9613, 0.9766]  sens 0.879 spec 0.964  ECE 0.032 [0.0267, 0.0431] prev 0.39 mean score 0.37  EDH 2/40 AUC 0.870
rsna      B4c   AUROC 0.964 [0.9551, 0.972]  sens 0.858 spec 0.968  ECE 0.032 [0.0278, 0.0443] prev 0.39 mean score 0.37  EDH 1/40 AUC 0.883
rsna      WICL  AUROC 0.968 [0.96, 0.9754]  sens 0.868 spec 0.970  ECE 0.031 [0.0264, 0.0433] prev 0.39 mean score 0.37  EDH 1/40 AUC 0.871
cq500     B2    AUROC 0.903 [0.873, 0.9319]  sens 0.761 spec 0.913  ECE 0.080 [0.0662, 0.1213] prev 0.42 mean score 0.40  EDH 1/12 AUC 0.819
cq500     B4c   AUROC 0.898 [0.8655, 0.9272]  sens 0.736 spec 0.899  ECE 0.092 [0.0803, 0.1367] prev 0.42 mean score 0.39  EDH 0/12 AUC 0.851
cq500     WICL  AUROC 0.895 [0.8633, 0.9235]  sens 0.736 spec 0.877  ECE 0.109 [0.0888, 0.1489] prev 0.42 mean score 0.40  EDH 0/12 AUC 0.787
physionet B2    AUROC 0.974 [0.9354, 0.9986]  sens 0.944 spec 0.846  ECE 0.113 [0.0781, 0.1809] prev 0.48 mean score 0.59  EDH 0/21 AUC 0.871
physionet B4c   AUROC 0.945 [0.8759, 0.99]  sens 0.833 spec 0.923  ECE 0.090 [0.066, 0.1706] prev 0.48 mean score 0.45  EDH 0/21 AUC 0.790
physionet WICL  AUROC 0.958 [0.8986, 0.9964]  sens 0.861 spec 0.974  ECE 0.073 [0.0646, 0.1501] prev 0.48 mean score 0.47  EDH 0/21 AUC 0.847
H1 cq500     B2    pooled 0.068 [0.0384, 0.0998]  subtype 0.031 [0.0024, 0.0626]  diff -0.037 [-0.0681, -0.0035] p=0.03
H1 cq500     B4c   pooled 0.069 [0.0375, 0.1011]  subtype 0.023 [-0.0089, 0.0552]  diff -0.046 [-0.0824, -0.007] p=0.025
H1 cq500     WICL  pooled 0.076 [0.0452, 0.1085]  subtype 0.038 [0.004, 0.0763]  diff -0.037 [-0.073, 0.001] p=0.059
H1 physionet B2    pooled -0.004 [-0.0311, 0.0348]  subtype 0.060 [-0.0086, 0.1367]  diff +0.064 [0.0054, 0.13] p=0.025
H1 physionet B4c   pooled 0.020 [-0.0288, 0.092]  subtype 0.073 [0.0054, 0.1516]  diff +0.054 [-0.013, 0.1235] p=0.105
H1 physionet WICL  pooled 0.011 [-0.0296, 0.0703]  subtype 0.064 [-0.0038, 0.1444]  diff +0.053 [-0.0121, 0.1275] p=0.107
OP cq500     B2    dSens -0.117 [-0.1767, -0.0561]  dSpec -0.051 [-0.0889, -0.0167] p=0.0
OP cq500     B4c   dSens -0.122 [-0.1846, -0.0588]  dSpec -0.069 [-0.1079, -0.0335] p=0.0
OP cq500     WICL  dSens -0.132 [-0.1933, -0.0673]  dSpec -0.093 [-0.1358, -0.0547] p=0.0
OP physionet B2    dSens +0.066 [-0.0191, 0.1297]  dSpec -0.117 [-0.2412, -0.0153] p=0.023
OP physionet B4c   dSens -0.024 [-0.1564, 0.0909]  dSpec -0.045 [-0.1411, 0.0328] p=0.32
OP physionet WICL  dSens -0.006 [-0.1305, 0.0936]  dSpec +0.005 [-0.0558, 0.0372] p=0.686
H2 rsna      WICL-B4c +0.0041 [-0.0002, 0.0086] p=0.064  WICL-B2 -0.0013 [-0.0058, 0.0033] p=0.579  B4c-B2 -0.0054 [-0.0103, -0.0007] p=0.027
H2 cq500     WICL-B4c -0.0029 [-0.0176, 0.0119] p=0.698  WICL-B2 -0.0084 [-0.0259, 0.0091] p=0.332  B4c-B2 -0.0055 [-0.024, 0.013] p=0.6
H2 physionet WICL-B4c +0.0128 [-0.0057, 0.0377] p=0.203  WICL-B2 -0.0157 [-0.0447, 0.0043] p=0.175  B4c-B2 -0.0285 [-0.069, -0.0021] p=0.037

H4: {"0": {"baseline2": 0.236, "b4c": 0.1476, "wicl": 0.0829, "pairwise_p": {"baseline2_vs_b4c": 0.0, "baseline2_vs_wicl": 0.0, "b4c_vs_wicl": 0.0}}, "1": {"baseline2": 0.2779, "b4c": 0.1449, "wicl": 0.0821, "pairwise_p": {"baseline2_vs_b4c": 0.0, "baseline2_vs_wicl": 0.0, "b4c_vs_wicl": 0.0}}, "2": {"baseline2": 0.2464, "b4c": 0.11, "wicl": 0.0872, "pairwise_p": {"baseline2_vs_b4c": 0.0, "baseline2_vs_wicl": 0.0, "b4c_vs_wicl": 0.136}}}

across seeds: {
 "rsna/B2/auroc_any": [
  0.9683,
  0.0015
 ],
 "rsna/B2/spec@0.5": [
  0.9657,
  0.0048
 ],
 "rsna/B4c/auroc_any": [
  0.9652,
  0.0021
 ],
 "rsna/B4c/spec@0.5": [
  0.9673,
  0.0035
 ],
 "rsna/WICL/auroc_any": [
  0.9673,
  0.0008
 ],
 "rsna/WICL/spec@0.5": [
  0.9698,
  0.0055
 ],
 "rsna/WICL-B4c": {
  "per_seed": [
   -0.0006,
   0.0028,
   0.0041
  ],
  "mean": 0.0021,
  "same_sign": false
 },
 "rsna/WICL-B2": {
  "per_seed": [
   -0.0018,
   0.0001,
   -0.0013
  ],
  "mean": -0.001,
  "same_sign": false
 },
 "rsna/B4c-B2": {
  "per_seed": [
   -0.0012,
   -0.0028,
   -0.0054
  ],
  "mean": -0.0031,
  "same_sign": true
 },
 "cq500/B2/auroc_any": [
  0.8998,
  0.0031
 ],
 "cq500/B2/spec@0.5": [
  0.9082,
  0.0117
 ],
 "cq500/B4c/auroc_any": [
  0.9044,
  0.0061
 ],
 "cq500/B4c/spec@0.5": [
  0.9106,
  0.0127
 ],
 "cq500/WICL/auroc_any": [
  0.8948,
  0.0001
 ],
 "cq500/WICL/spec@0.5": [
  0.9058,
  0.0274
 ],
 "cq500/WICL-B4c": {
  "per_seed": [
   -0.015,
   -0.011,
   -0.0029
  ],
  "mean": -0.0096,
  "same_sign": true
 },
 "cq500/WICL-B2": {
  "per_seed": [
   -0.0036,
   -0.003,
   -0.0084
  ],
  "mean": -0.005,
  "same_sign": true
 },
 "cq500/B4c-B2": {
  "per_seed": [
   0.0114,
   0.008,
   -0.0055
  ],
  "mean": 0.0046,
  "same_sign": false
 },
 "physionet/B2/auroc_any": [
  0.9516,
  0.0196
 ],
 "physionet/B2/spec@0.5": [
  0.812,
  0.0592
 ],
 "physionet/B4c/auroc_any": [
  0.9407,
  0.0227
 ],
 "physionet/B4c/spec@0.5": [
  0.9487,
  0.0444
 ],
 "physionet/WICL/auroc_any": [
  0.9523,
  0.0138
 ],
 "physionet/WICL/spec@0.5": [
  0.9487,
  0.0445
 ],
 "physionet/WICL-B4c": {
  "per_seed": [
   -0.0242,
   0.0463,
   0.0128
  ],
  "mean": 0.0116,
  "same_sign": false
 },
 "physionet/WICL-B2": {
  "per_seed": [
   -0.0085,
   0.0264,
   -0.0157
  ],
  "mean": 0.0007,
  "same_sign": false
 },
 "physionet/B4c-B2": {
  "per_seed": [
   0.0157,
   -0.0199,
   -0.0285
  ],
  "mean": -0.0109,
  "same_sign": false
 }
}
